Log file open, 11/07/19 17:56:33
LogWindows: Failed to load 'aqProf.dll' (GetLastError=126)
LogWindows: File 'aqProf.dll' does not exist
LogWindows: Failed to load 'VtuneApi.dll' (GetLastError=126)
LogWindows: File 'VtuneApi.dll' does not exist
LogWindows: Failed to load 'VtuneApi32e.dll' (GetLastError=126)
LogWindows: File 'VtuneApi32e.dll' does not exist
LogConsoleResponse: Display: Failed to find resolution value strings in scalability ini. Falling back to default.
LogInit: Display: Running engine for game: Mechanics_Sandbox
LogPakFile: Registered encryption key '00000000000000000000000000000000': 0 pak files mounted, 0 remain pending
LogPlatformFile: Not using cached read wrapper
LogTaskGraph: Started task graph with 5 named threads and 23 total threads with 3 sets of task threads.
LogStats: Stats thread started at 0.519509
LogD3D11RHI: Loaded GFSDK_Aftermath_Lib.x64.dll
LogICUInternationalization: ICU TimeZone Detection - Raw Offset: -8:00, Platform Override: ''
LogPluginManager: Mounting plugin Paper2D
LogPluginManager: Mounting plugin AISupport
LogPluginManager: Mounting plugin LightPropagationVolume
LogPluginManager: Mounting plugin ActorLayerUtilities
LogPluginManager: Mounting plugin AnimationSharing
LogPluginManager: Mounting plugin CLionSourceCodeAccess
LogPluginManager: Mounting plugin CodeLiteSourceCodeAccess
LogPluginManager: Mounting plugin GitSourceControl
LogPluginManager: Mounting plugin KDevelopSourceCodeAccess
LogPluginManager: Mounting plugin NullSourceCodeAccess
LogPluginManager: Mounting plugin PerforceSourceControl
LogPluginManager: Mounting plugin SubversionSourceControl
LogPluginManager: Mounting plugin UObjectPlugin
LogPluginManager: Mounting plugin VisualStudioCodeSourceCodeAccess
LogPluginManager: Mounting plugin VisualStudioSourceCodeAccess
LogPluginManager: Mounting plugin XCodeSourceCodeAccess
LogPluginManager: Mounting plugin AssetManagerEditor
LogPluginManager: Mounting plugin CryptoKeys
LogPluginManager: Mounting plugin DataValidation
LogPluginManager: Mounting plugin FacialAnimation
LogPluginManager: Mounting plugin GameplayTagsEditor
LogPluginManager: Mounting plugin MacGraphicsSwitching
LogPluginManager: Mounting plugin MaterialAnalyzer
LogPluginManager: Mounting plugin MobileLauncherProfileWizard
LogPluginManager: Mounting plugin PluginBrowser
LogPluginManager: Mounting plugin SpeedTreeImporter
LogPluginManager: Mounting plugin DatasmithContent
LogPluginManager: Mounting plugin VariantManagerContent
LogPluginManager: Mounting plugin AlembicImporter
LogPluginManager: Mounting plugin AppleImageUtils
LogPluginManager: Mounting plugin AppleVision
LogPluginManager: Mounting plugin BackChannel
LogPluginManager: Mounting plugin CharacterAI
LogPluginManager: Mounting plugin GeometryCache
LogPluginManager: Mounting plugin HTML5Networking
LogPluginManager: Mounting plugin ProxyLODPlugin
LogPluginManager: Mounting plugin SkeletalReduction
LogPluginManager: Mounting plugin MagicLeap
LogPluginManager: Mounting plugin MagicLeapMedia
LogPluginManager: Mounting plugin AndroidMedia
LogPluginManager: Mounting plugin AvfMedia
LogPluginManager: Mounting plugin ImgMedia
LogPluginManager: Mounting plugin LinearTimecode
LogPluginManager: Mounting plugin MediaCompositing
LogPluginManager: Mounting plugin MediaPlayerEditor
LogPluginManager: Mounting plugin WebMMedia
LogPluginManager: Mounting plugin WmfMedia
LogPluginManager: Mounting plugin TcpMessaging
LogPluginManager: Mounting plugin UdpMessaging
LogPluginManager: Mounting plugin ActorSequence
LogPluginManager: Mounting plugin LevelSequenceEditor
LogPluginManager: Mounting plugin MatineeToLevelSequence
LogPluginManager: Mounting plugin NetcodeUnitTest
LogPluginManager: Mounting plugin NUTUnrealEngine4
LogPluginManager: Mounting plugin OnlineSubsystemGooglePlay
LogPluginManager: Mounting plugin OnlineSubsystemIOS
LogPluginManager: Mounting plugin OnlineSubsystem
LogPluginManager: Mounting plugin OnlineSubsystemNull
LogPluginManager: Mounting plugin OnlineSubsystemUtils
LogPluginManager: Mounting plugin LauncherChunkInstaller
LogPluginManager: Mounting plugin AndroidDeviceProfileSelector
LogPluginManager: Mounting plugin AndroidMoviePlayer
LogPluginManager: Mounting plugin AndroidPermission
LogPluginManager: Mounting plugin ApexDestruction
LogPluginManager: Mounting plugin AppleMoviePlayer
LogPluginManager: Mounting plugin ArchVisCharacter
LogPluginManager: Mounting plugin AudioCapture
LogPluginManager: Mounting plugin CableComponent
LogPluginManager: Mounting plugin CustomMeshComponent
LogPluginManager: Mounting plugin EditableMesh
LogPluginManager: Mounting plugin ExampleDeviceProfileSelector
LogPluginManager: Mounting plugin Firebase
LogPluginManager: Mounting plugin GoogleCloudMessaging
LogPluginManager: Mounting plugin IOSDeviceProfileSelector
LogPluginManager: Mounting plugin LinuxDeviceProfileSelector
LogPluginManager: Mounting plugin LocationServicesBPLibrary
LogPluginManager: Mounting plugin MobilePatchingUtils
LogPluginManager: Mounting plugin OculusVR
LogPluginManager: Mounting plugin PhysXVehicles
LogPluginManager: Mounting plugin ProceduralMeshComponent
LogPluginManager: Mounting plugin RuntimePhysXCooking
LogPluginManager: Mounting plugin SignificanceManager
LogPluginManager: Mounting plugin SteamVR
LogPluginManager: Mounting plugin WebMMoviePlayer
LogPluginManager: Mounting plugin WindowsMoviePlayer
LogInit: Using libcurl 7.55.1-DEV
LogInit:  - built for x86_64-pc-win32
LogInit:  - supports SSL with OpenSSL/1.1.1
LogInit:  - supports HTTP deflate (compression) using libz 1.2.8
LogInit:  - other features:
LogInit:      CURL_VERSION_SSL
LogInit:      CURL_VERSION_LIBZ
LogInit:      CURL_VERSION_IPV6
LogInit:      CURL_VERSION_ASYNCHDNS
LogInit:      CURL_VERSION_LARGEFILE
LogInit:      CURL_VERSION_IDN
LogInit:  CurlRequestOptions (configurable via config and command line):
LogInit:  - bVerifyPeer = true  - Libcurl will verify peer certificate
LogInit:  - bUseHttpProxy = false  - Libcurl will NOT use HTTP proxy
LogInit:  - bDontReuseConnections = false  - Libcurl will reuse connections
LogInit:  - MaxHostConnections = 16  - Libcurl will limit the number of connections to a host
LogInit:  - LocalHostAddr = Default
LogInit:  - BufferSize = 65536
LogInit: WinSock: version 1.1 (2.2), MaxSocks=32767, MaxUdp=65467
LogInit: Build: ++UE4+Release-4.22-CL-7053642
LogInit: Engine Version: 4.22.3-7053642+++UE4+Release-4.22
LogInit: Compatible Engine Version: 4.22.0-5660361+++UE4+Release-4.22
LogInit: Net CL: 5660361
LogInit: OS: Windows 10 (Release 1903) (), CPU: Intel(R) Core(TM) i7-7700HQ CPU @ 2.80GHz, GPU: Intel(R) HD Graphics 630
LogInit: Compiled (64-bit): Jun 18 2019 03:09:11
LogInit: Compiled with Visual C++: 19.16.27025.01
LogInit: Build Configuration: Development
LogInit: Branch Name: ++UE4+Release-4.22
LogInit: Command Line: 
LogInit: Base Directory: D:/EpicGames/UE_4.22/Engine/Binaries/Win64/
LogInit: Installed Engine Build: 1
LogDevObjectVersion: Number of dev versions registered: 23
LogDevObjectVersion:   Dev-Blueprints (B0D832E4-1F89-4F0D-ACCF-7EB736FD4AA2): 10
LogDevObjectVersion:   Dev-Build (E1C64328-A22C-4D53-A36C-8E866417BD8C): 0
LogDevObjectVersion:   Dev-Core (375EC13C-06E4-48FB-B500-84F0262A717E): 3
LogDevObjectVersion:   Dev-Editor (E4B068ED-F494-42E9-A231-DA0B2E46BB41): 30
LogDevObjectVersion:   Dev-Framework (CFFC743F-43B0-4480-9391-14DF171D2073): 35
LogDevObjectVersion:   Dev-Mobile (B02B49B5-BB20-44E9-A304-32B752E40360): 2
LogDevObjectVersion:   Dev-Networking (A4E4105C-59A1-49B5-A7C5-40C4547EDFEE): 0
LogDevObjectVersion:   Dev-Online (39C831C9-5AE6-47DC-9A44-9C173E1C8E7C): 0
LogDevObjectVersion:   Dev-Physics (78F01B33-EBEA-4F98-B9B4-84EACCB95AA2): 0
LogDevObjectVersion:   Dev-Platform (6631380F-2D4D-43E0-8009-CF276956A95A): 0
LogDevObjectVersion:   Dev-Rendering (12F88B9F-8875-4AFC-A67C-D90C383ABD29): 28
LogDevObjectVersion:   Dev-Sequencer (7B5AE74C-D270-4C10-A958-57980B212A5A): 11
LogDevObjectVersion:   Dev-VR (D7296918-1DD6-4BDD-9DE2-64A83CC13884): 2
LogDevObjectVersion:   Dev-LoadTimes (C2A15278-BFE7-4AFE-6C17-90FF531DF755): 1
LogDevObjectVersion:   Private-Geometry (6EACA3D4-40EC-4CC1-B786-8BED09428FC5): 3
LogDevObjectVersion:   Dev-AnimPhys (29E575DD-E0A3-4627-9D10-D276232CDCEA): 17
LogDevObjectVersion:   Dev-Anim (AF43A65D-7FD3-4947-9873-3E8ED9C1BB05): 2
LogDevObjectVersion:   Dev-ReflectionCapture (6B266CEC-1EC7-4B8F-A30B-E4D90942FC07): 1
LogDevObjectVersion:   Dev-Automation (0DF73D61-A23F-47EA-B727-89E90C41499A): 1
LogDevObjectVersion:   FortniteMain (601D1886-AC64-4F84-AA16-D3DE0DEAC7D6): 25
LogDevObjectVersion:   Dev-Enterprise (9DFFBCD6-494F-0158-E221-12823C92A888): 6
LogDevObjectVersion:   Dev-Niagara (F2AED0AC-9AFE-416F-8664-AA7FFA26D6FC): 1
LogDevObjectVersion:   Dev-Destruction (174F1F0B-B4C6-45A5-B13F-2EE8D0FB917D): 2
LogInit: Presizing for max 16777216 objects, including 0 objects not considered by GC, pre-allocating 0 bytes for permanent pool.
LogInit: Object subsystem initialized
LogConfig: Setting CVar [[con.DebugEarlyDefault:1]]
LogConfig: Setting CVar [[r.setres:1280x720]]
[2019.11.08-01.56.34:341][  0]LogConfig: Setting CVar [[r.VSync:0]]
[2019.11.08-01.56.34:342][  0]LogConfig: Setting CVar [[r.RHICmdBypass:0]]
[2019.11.08-01.56.34:342][  0]LogConfig: Applying CVar settings from Section [/Script/Engine.RendererSettings] File [C:/Users/danny/Desktop/Systems_Sandbox/Mechanics_Sandbox/Saved/Config/Windows/Engine.ini]
[2019.11.08-01.56.34:342][  0]LogConfig: Setting CVar [[r.GPUCrashDebugging:0]]
[2019.11.08-01.56.34:342][  0]LogConfig: Applying CVar settings from Section [/Script/Engine.RendererOverrideSettings] File [C:/Users/danny/Desktop/Systems_Sandbox/Mechanics_Sandbox/Saved/Config/Windows/Engine.ini]
[2019.11.08-01.56.34:342][  0]LogConfig: Applying CVar settings from Section [/Script/Engine.StreamingSettings] File [C:/Users/danny/Desktop/Systems_Sandbox/Mechanics_Sandbox/Saved/Config/Windows/Engine.ini]
[2019.11.08-01.56.34:342][  0]LogConfig: Setting CVar [[s.MinBulkDataSizeForAsyncLoading:131072]]
[2019.11.08-01.56.34:342][  0]LogConfig: Setting CVar [[s.AsyncLoadingThreadEnabled:0]]
[2019.11.08-01.56.34:342][  0]LogConfig: Setting CVar [[s.EventDrivenLoaderEnabled:1]]
[2019.11.08-01.56.34:342][  0]LogConfig: Setting CVar [[s.WarnIfTimeLimitExceeded:0]]
[2019.11.08-01.56.34:342][  0]LogConfig: Setting CVar [[s.TimeLimitExceededMultiplier:1.5]]
[2019.11.08-01.56.34:342][  0]LogConfig: Setting CVar [[s.TimeLimitExceededMinTime:0.005]]
[2019.11.08-01.56.34:342][  0]LogConfig: Setting CVar [[s.UseBackgroundLevelStreaming:1]]
[2019.11.08-01.56.34:342][  0]LogConfig: Setting CVar [[s.PriorityAsyncLoadingExtraTime:15.0]]
[2019.11.08-01.56.34:342][  0]LogConfig: Setting CVar [[s.LevelStreamingActorsUpdateTimeLimit:5.0]]
[2019.11.08-01.56.34:343][  0]LogConfig: Setting CVar [[s.PriorityLevelStreamingActorsUpdateExtraTime:5.0]]
[2019.11.08-01.56.34:343][  0]LogConfig: Setting CVar [[s.LevelStreamingComponentsRegistrationGranularity:10]]
[2019.11.08-01.56.34:343][  0]LogConfig: Setting CVar [[s.UnregisterComponentsTimeLimit:1.0]]
[2019.11.08-01.56.34:343][  0]LogConfig: Setting CVar [[s.LevelStreamingComponentsUnregistrationGranularity:5]]
[2019.11.08-01.56.34:343][  0]LogConfig: Applying CVar settings from Section [/Script/Engine.GarbageCollectionSettings] File [C:/Users/danny/Desktop/Systems_Sandbox/Mechanics_Sandbox/Saved/Config/Windows/Engine.ini]
[2019.11.08-01.56.34:343][  0]LogConfig: Setting CVar [[gc.MaxObjectsNotConsideredByGC:1]]
[2019.11.08-01.56.34:343][  0]LogConfig: Setting CVar [[gc.SizeOfPermanentObjectPool:0]]
[2019.11.08-01.56.34:343][  0]LogConfig: Setting CVar [[gc.FlushStreamingOnGC:0]]
[2019.11.08-01.56.34:343][  0]LogConfig: Setting CVar [[gc.NumRetriesBeforeForcingGC:10]]
[2019.11.08-01.56.34:343][  0]LogConfig: Setting CVar [[gc.AllowParallelGC:1]]
[2019.11.08-01.56.34:343][  0]LogConfig: Setting CVar [[gc.TimeBetweenPurgingPendingKillObjects:61.1]]
[2019.11.08-01.56.34:343][  0]LogConfig: Setting CVar [[gc.MaxObjectsInEditor:16777216]]
[2019.11.08-01.56.34:343][  0]LogConfig: Setting CVar [[gc.IncrementalBeginDestroyEnabled:1]]
[2019.11.08-01.56.34:343][  0]LogConfig: Setting CVar [[gc.CreateGCClusters:1]]
[2019.11.08-01.56.34:343][  0]LogConfig: Setting CVar [[gc.MinGCClusterSize:5]]
[2019.11.08-01.56.34:343][  0]LogConfig: Setting CVar [[gc.ActorClusteringEnabled:0]]
[2019.11.08-01.56.34:344][  0]LogConfig: Setting CVar [[gc.BlueprintClusteringEnabled:0]]
[2019.11.08-01.56.34:344][  0]LogConfig: Setting CVar [[gc.UseDisregardForGCOnDedicatedServers:0]]
[2019.11.08-01.56.34:344][  0]LogConfig: Applying CVar settings from Section [/Script/Engine.NetworkSettings] File [C:/Users/danny/Desktop/Systems_Sandbox/Mechanics_Sandbox/Saved/Config/Windows/Engine.ini]
[2019.11.08-01.56.34:344][  0]LogConfig: Applying CVar settings from Section [/Script/UnrealEd.CookerSettings] File [C:/Users/danny/Desktop/Systems_Sandbox/Mechanics_Sandbox/Saved/Config/Windows/Engine.ini]
[2019.11.08-01.56.34:356][  0]LogConfig: Applying CVar settings from Section [ViewDistanceQuality@3] File [C:/Users/danny/Desktop/Systems_Sandbox/Mechanics_Sandbox/Saved/Config/Windows/Scalability.ini]
[2019.11.08-01.56.34:356][  0]LogConfig: Setting CVar [[r.SkeletalMeshLODBias:0]]
[2019.11.08-01.56.34:357][  0]LogConfig: Setting CVar [[r.ViewDistanceScale:1.0]]
[2019.11.08-01.56.34:357][  0]LogConfig: Applying CVar settings from Section [AntiAliasingQuality@3] File [C:/Users/danny/Desktop/Systems_Sandbox/Mechanics_Sandbox/Saved/Config/Windows/Scalability.ini]
[2019.11.08-01.56.34:357][  0]LogConfig: Setting CVar [[r.PostProcessAAQuality:4]]
[2019.11.08-01.56.34:357][  0]LogConfig: Applying CVar settings from Section [ShadowQuality@3] File [C:/Users/danny/Desktop/Systems_Sandbox/Mechanics_Sandbox/Saved/Config/Windows/Scalability.ini]
[2019.11.08-01.56.34:357][  0]LogConfig: Setting CVar [[r.LightFunctionQuality:1]]
[2019.11.08-01.56.34:357][  0]LogConfig: Setting CVar [[r.ShadowQuality:5]]
[2019.11.08-01.56.34:357][  0]LogConfig: Setting CVar [[r.Shadow.CSM.MaxCascades:10]]
[2019.11.08-01.56.34:357][  0]LogConfig: Setting CVar [[r.Shadow.MaxResolution:2048]]
[2019.11.08-01.56.34:357][  0]LogConfig: Setting CVar [[r.Shadow.MaxCSMResolution:2048]]
[2019.11.08-01.56.34:357][  0]LogConfig: Setting CVar [[r.Shadow.RadiusThreshold:0.01]]
[2019.11.08-01.56.34:357][  0]LogConfig: Setting CVar [[r.Shadow.DistanceScale:1.0]]
[2019.11.08-01.56.34:357][  0]LogConfig: Setting CVar [[r.Shadow.CSM.TransitionScale:1.0]]
[2019.11.08-01.56.34:358][  0]LogConfig: Setting CVar [[r.Shadow.PreShadowResolutionFactor:1.0]]
[2019.11.08-01.56.34:358][  0]LogConfig: Setting CVar [[r.DistanceFieldShadowing:1]]
[2019.11.08-01.56.34:358][  0]LogConfig: Setting CVar [[r.DistanceFieldAO:1]]
[2019.11.08-01.56.34:358][  0]LogConfig: Setting CVar [[r.AOQuality:2]]
[2019.11.08-01.56.34:358][  0]LogConfig: Setting CVar [[r.VolumetricFog:1]]
[2019.11.08-01.56.34:358][  0]LogConfig: Setting CVar [[r.VolumetricFog.GridPixelSize:8]]
[2019.11.08-01.56.34:358][  0]LogConfig: Setting CVar [[r.VolumetricFog.GridSizeZ:128]]
[2019.11.08-01.56.34:358][  0]LogConfig: Setting CVar [[r.VolumetricFog.HistoryMissSupersampleCount:4]]
[2019.11.08-01.56.34:358][  0]LogConfig: Setting CVar [[r.LightMaxDrawDistanceScale:1]]
[2019.11.08-01.56.34:358][  0]LogConfig: Setting CVar [[r.CapsuleShadows:1]]
[2019.11.08-01.56.34:358][  0]LogConfig: Applying CVar settings from Section [PostProcessQuality@3] File [C:/Users/danny/Desktop/Systems_Sandbox/Mechanics_Sandbox/Saved/Config/Windows/Scalability.ini]
[2019.11.08-01.56.34:358][  0]LogConfig: Setting CVar [[r.MotionBlurQuality:4]]
[2019.11.08-01.56.34:358][  0]LogConfig: Setting CVar [[r.AmbientOcclusionMipLevelFactor:0.4]]
[2019.11.08-01.56.34:358][  0]LogConfig: Setting CVar [[r.AmbientOcclusionMaxQuality:100]]
[2019.11.08-01.56.34:358][  0]LogConfig: Setting CVar [[r.AmbientOcclusionLevels:-1]]
[2019.11.08-01.56.34:358][  0]LogConfig: Setting CVar [[r.AmbientOcclusionRadiusScale:1.0]]
[2019.11.08-01.56.34:359][  0]LogConfig: Setting CVar [[r.DepthOfFieldQuality:2]]
[2019.11.08-01.56.34:359][  0]LogConfig: Setting CVar [[r.RenderTargetPoolMin:400]]
[2019.11.08-01.56.34:359][  0]LogConfig: Setting CVar [[r.LensFlareQuality:2]]
[2019.11.08-01.56.34:359][  0]LogConfig: Setting CVar [[r.SceneColorFringeQuality:1]]
[2019.11.08-01.56.34:359][  0]LogConfig: Setting CVar [[r.EyeAdaptationQuality:2]]
[2019.11.08-01.56.34:359][  0]LogConfig: Setting CVar [[r.BloomQuality:5]]
[2019.11.08-01.56.34:359][  0]LogConfig: Setting CVar [[r.FastBlurThreshold:100]]
[2019.11.08-01.56.34:359][  0]LogConfig: Setting CVar [[r.Upscale.Quality:3]]
[2019.11.08-01.56.34:359][  0]LogConfig: Setting CVar [[r.Tonemapper.GrainQuantization:1]]
[2019.11.08-01.56.34:359][  0]LogConfig: Setting CVar [[r.LightShaftQuality:1]]
[2019.11.08-01.56.34:360][  0]LogConfig: Setting CVar [[r.Filter.SizeScale:1]]
[2019.11.08-01.56.34:360][  0]LogConfig: Setting CVar [[r.Tonemapper.Quality:5]]
[2019.11.08-01.56.34:360][  0]LogConfig: Setting CVar [[r.DOF.Gather.AccumulatorQuality:1        ; higher gathering accumulator quality]]
[2019.11.08-01.56.34:360][  0]LogConfig: Setting CVar [[r.DOF.Gather.PostfilterMethod:1          ; Median3x3 postfilering method]]
[2019.11.08-01.56.34:360][  0]LogConfig: Setting CVar [[r.DOF.Gather.EnableBokehSettings:0       ; no bokeh simulation when gathering]]
[2019.11.08-01.56.34:360][  0]LogConfig: Setting CVar [[r.DOF.Gather.RingCount:4                 ; medium number of samples when gathering]]
[2019.11.08-01.56.34:360][  0]LogConfig: Setting CVar [[r.DOF.Scatter.ForegroundCompositing:1    ; additive foreground scattering]]
[2019.11.08-01.56.34:360][  0]LogConfig: Setting CVar [[r.DOF.Scatter.BackgroundCompositing:2    ; additive background scattering]]
[2019.11.08-01.56.34:360][  0]LogConfig: Setting CVar [[r.DOF.Scatter.EnableBokehSettings:1      ; bokeh simulation when scattering]]
[2019.11.08-01.56.34:360][  0]LogConfig: Setting CVar [[r.DOF.Scatter.MaxSpriteRatio:0.1         ; only a maximum of 10% of scattered bokeh]]
[2019.11.08-01.56.34:360][  0]LogConfig: Setting CVar [[r.DOF.Recombine.Quality:1                ; cheap slight out of focus]]
[2019.11.08-01.56.34:360][  0]LogConfig: Setting CVar [[r.DOF.Recombine.EnableBokehSettings:0    ; no bokeh simulation on slight out of focus]]
[2019.11.08-01.56.34:360][  0]LogConfig: Setting CVar [[r.DOF.TemporalAAQuality:1                ; more stable temporal accumulation]]
[2019.11.08-01.56.34:360][  0]LogConfig: Setting CVar [[r.DOF.Kernel.MaxForegroundRadius:0.025]]
[2019.11.08-01.56.34:361][  0]LogConfig: Setting CVar [[r.DOF.Kernel.MaxBackgroundRadius:0.025]]
[2019.11.08-01.56.34:361][  0]LogConfig: Applying CVar settings from Section [TextureQuality@3] File [C:/Users/danny/Desktop/Systems_Sandbox/Mechanics_Sandbox/Saved/Config/Windows/Scalability.ini]
[2019.11.08-01.56.34:361][  0]LogConfig: Setting CVar [[r.Streaming.MipBias:0]]
[2019.11.08-01.56.34:361][  0]LogConfig: Setting CVar [[r.Streaming.AmortizeCPUToGPUCopy:0]]
[2019.11.08-01.56.34:361][  0]LogConfig: Setting CVar [[r.Streaming.MaxNumTexturesToStreamPerFrame:0]]
[2019.11.08-01.56.34:361][  0]LogConfig: Setting CVar [[r.Streaming.Boost:1]]
[2019.11.08-01.56.34:361][  0]LogConfig: Setting CVar [[r.MaxAnisotropy:8]]
[2019.11.08-01.56.34:361][  0]LogConfig: Setting CVar [[r.Streaming.LimitPoolSizeToVRAM:0]]
[2019.11.08-01.56.34:361][  0]LogConfig: Setting CVar [[r.Streaming.PoolSize:1000]]
[2019.11.08-01.56.34:361][  0]LogConfig: Setting CVar [[r.Streaming.MaxEffectiveScreenSize:0]]
[2019.11.08-01.56.34:361][  0]LogConfig: Applying CVar settings from Section [EffectsQuality@3] File [C:/Users/danny/Desktop/Systems_Sandbox/Mechanics_Sandbox/Saved/Config/Windows/Scalability.ini]
[2019.11.08-01.56.34:361][  0]LogConfig: Setting CVar [[r.TranslucencyLightingVolumeDim:64]]
[2019.11.08-01.56.34:361][  0]LogConfig: Setting CVar [[r.RefractionQuality:2]]
[2019.11.08-01.56.34:361][  0]LogConfig: Setting CVar [[r.SSR.Quality:3]]
[2019.11.08-01.56.34:361][  0]LogConfig: Setting CVar [[r.SceneColorFormat:4]]
[2019.11.08-01.56.34:361][  0]LogConfig: Setting CVar [[r.DetailMode:2]]
[2019.11.08-01.56.34:362][  0]LogConfig: Setting CVar [[r.TranslucencyVolumeBlur:1]]
[2019.11.08-01.56.34:362][  0]LogConfig: Setting CVar [[r.MaterialQualityLevel:1 ; High quality]]
[2019.11.08-01.56.34:362][  0]LogConfig: Setting CVar [[r.SSS.Scale:1]]
[2019.11.08-01.56.34:362][  0]LogConfig: Setting CVar [[r.SSS.SampleSet:2]]
[2019.11.08-01.56.34:362][  0]LogConfig: Setting CVar [[r.SSS.Quality:1]]
[2019.11.08-01.56.34:362][  0]LogConfig: Setting CVar [[r.SSS.HalfRes:1]]
[2019.11.08-01.56.34:362][  0]LogConfig: Setting CVar [[r.EmitterSpawnRateScale:1.0]]
[2019.11.08-01.56.34:362][  0]LogConfig: Setting CVar [[r.ParticleLightQuality:2]]
[2019.11.08-01.56.34:362][  0]LogConfig: Applying CVar settings from Section [FoliageQuality@3] File [C:/Users/danny/Desktop/Systems_Sandbox/Mechanics_Sandbox/Saved/Config/Windows/Scalability.ini]
[2019.11.08-01.56.34:362][  0]LogConfig: Setting CVar [[foliage.DensityScale:1.0]]
[2019.11.08-01.56.34:362][  0]LogConfig: Setting CVar [[grass.DensityScale:1.0]]
[2019.11.08-01.56.34:362][  0]LogInit: Selected Device Profile: [Windows]
[2019.11.08-01.56.34:362][  0]LogInit: Applying CVar settings loaded from the selected device profile: [Windows]
[2019.11.08-01.56.34:442][  0]LogHAL: Display: Platform has ~ 16 GB [17059446784 / 17179869184 / 16], which maps to Larger [LargestMinGB=32, LargerMinGB=12, DefaultMinGB=8, SmallerMinGB=6, SmallestMinGB=0)
[2019.11.08-01.56.34:442][  0]LogConfig: Setting CVar [[r.Vulkan.UseRealUBs:0		; Required until we fix HLR fall-out]]
[2019.11.08-01.56.34:443][  0]LogInit: Going up to parent DeviceProfile []
[2019.11.08-01.56.34:443][  0]LogConfig: Applying CVar settings from Section [ViewDistanceQuality@3] File [C:/Users/danny/Desktop/Systems_Sandbox/Mechanics_Sandbox/Saved/Config/Windows/Scalability.ini]
[2019.11.08-01.56.34:443][  0]LogConfig: Setting CVar [[r.SkeletalMeshLODBias:0]]
[2019.11.08-01.56.34:443][  0]LogConfig: Setting CVar [[r.ViewDistanceScale:1.0]]
[2019.11.08-01.56.34:443][  0]LogConfig: Applying CVar settings from Section [AntiAliasingQuality@3] File [C:/Users/danny/Desktop/Systems_Sandbox/Mechanics_Sandbox/Saved/Config/Windows/Scalability.ini]
[2019.11.08-01.56.34:443][  0]LogConfig: Setting CVar [[r.PostProcessAAQuality:4]]
[2019.11.08-01.56.34:443][  0]LogConfig: Applying CVar settings from Section [ShadowQuality@3] File [C:/Users/danny/Desktop/Systems_Sandbox/Mechanics_Sandbox/Saved/Config/Windows/Scalability.ini]
[2019.11.08-01.56.34:443][  0]LogConfig: Setting CVar [[r.LightFunctionQuality:1]]
[2019.11.08-01.56.34:443][  0]LogConfig: Setting CVar [[r.ShadowQuality:5]]
[2019.11.08-01.56.34:443][  0]LogConfig: Setting CVar [[r.Shadow.CSM.MaxCascades:10]]
[2019.11.08-01.56.34:443][  0]LogConfig: Setting CVar [[r.Shadow.MaxResolution:2048]]
[2019.11.08-01.56.34:443][  0]LogConfig: Setting CVar [[r.Shadow.MaxCSMResolution:2048]]
[2019.11.08-01.56.34:443][  0]LogConfig: Setting CVar [[r.Shadow.RadiusThreshold:0.01]]
[2019.11.08-01.56.34:444][  0]LogConfig: Setting CVar [[r.Shadow.DistanceScale:1.0]]
[2019.11.08-01.56.34:444][  0]LogConfig: Setting CVar [[r.Shadow.CSM.TransitionScale:1.0]]
[2019.11.08-01.56.34:444][  0]LogConfig: Setting CVar [[r.Shadow.PreShadowResolutionFactor:1.0]]
[2019.11.08-01.56.34:444][  0]LogConfig: Setting CVar [[r.DistanceFieldShadowing:1]]
[2019.11.08-01.56.34:444][  0]LogConfig: Setting CVar [[r.DistanceFieldAO:1]]
[2019.11.08-01.56.34:444][  0]LogConfig: Setting CVar [[r.AOQuality:2]]
[2019.11.08-01.56.34:444][  0]LogConfig: Setting CVar [[r.VolumetricFog:1]]
[2019.11.08-01.56.34:444][  0]LogConfig: Setting CVar [[r.VolumetricFog.GridPixelSize:8]]
[2019.11.08-01.56.34:444][  0]LogConfig: Setting CVar [[r.VolumetricFog.GridSizeZ:128]]
[2019.11.08-01.56.34:444][  0]LogConfig: Setting CVar [[r.VolumetricFog.HistoryMissSupersampleCount:4]]
[2019.11.08-01.56.34:444][  0]LogConfig: Setting CVar [[r.LightMaxDrawDistanceScale:1]]
[2019.11.08-01.56.34:444][  0]LogConfig: Setting CVar [[r.CapsuleShadows:1]]
[2019.11.08-01.56.34:444][  0]LogConfig: Applying CVar settings from Section [PostProcessQuality@3] File [C:/Users/danny/Desktop/Systems_Sandbox/Mechanics_Sandbox/Saved/Config/Windows/Scalability.ini]
[2019.11.08-01.56.34:444][  0]LogConfig: Setting CVar [[r.MotionBlurQuality:4]]
[2019.11.08-01.56.34:444][  0]LogConfig: Setting CVar [[r.AmbientOcclusionMipLevelFactor:0.4]]
[2019.11.08-01.56.34:444][  0]LogConfig: Setting CVar [[r.AmbientOcclusionMaxQuality:100]]
[2019.11.08-01.56.34:444][  0]LogConfig: Setting CVar [[r.AmbientOcclusionLevels:-1]]
[2019.11.08-01.56.34:445][  0]LogConfig: Setting CVar [[r.AmbientOcclusionRadiusScale:1.0]]
[2019.11.08-01.56.34:445][  0]LogConfig: Setting CVar [[r.DepthOfFieldQuality:2]]
[2019.11.08-01.56.34:445][  0]LogConfig: Setting CVar [[r.RenderTargetPoolMin:400]]
[2019.11.08-01.56.34:445][  0]LogConfig: Setting CVar [[r.LensFlareQuality:2]]
[2019.11.08-01.56.34:445][  0]LogConfig: Setting CVar [[r.SceneColorFringeQuality:1]]
[2019.11.08-01.56.34:445][  0]LogConfig: Setting CVar [[r.EyeAdaptationQuality:2]]
[2019.11.08-01.56.34:445][  0]LogConfig: Setting CVar [[r.BloomQuality:5]]
[2019.11.08-01.56.34:445][  0]LogConfig: Setting CVar [[r.FastBlurThreshold:100]]
[2019.11.08-01.56.34:445][  0]LogConfig: Setting CVar [[r.Upscale.Quality:3]]
[2019.11.08-01.56.34:445][  0]LogConfig: Setting CVar [[r.Tonemapper.GrainQuantization:1]]
[2019.11.08-01.56.34:445][  0]LogConfig: Setting CVar [[r.LightShaftQuality:1]]
[2019.11.08-01.56.34:445][  0]LogConfig: Setting CVar [[r.Filter.SizeScale:1]]
[2019.11.08-01.56.34:445][  0]LogConfig: Setting CVar [[r.Tonemapper.Quality:5]]
[2019.11.08-01.56.34:445][  0]LogConfig: Setting CVar [[r.DOF.Gather.AccumulatorQuality:1        ; higher gathering accumulator quality]]
[2019.11.08-01.56.34:445][  0]LogConfig: Setting CVar [[r.DOF.Gather.PostfilterMethod:1          ; Median3x3 postfilering method]]
[2019.11.08-01.56.34:445][  0]LogConfig: Setting CVar [[r.DOF.Gather.EnableBokehSettings:0       ; no bokeh simulation when gathering]]
[2019.11.08-01.56.34:446][  0]LogConfig: Setting CVar [[r.DOF.Gather.RingCount:4                 ; medium number of samples when gathering]]
[2019.11.08-01.56.34:446][  0]LogConfig: Setting CVar [[r.DOF.Scatter.ForegroundCompositing:1    ; additive foreground scattering]]
[2019.11.08-01.56.34:446][  0]LogConfig: Setting CVar [[r.DOF.Scatter.BackgroundCompositing:2    ; additive background scattering]]
[2019.11.08-01.56.34:446][  0]LogConfig: Setting CVar [[r.DOF.Scatter.EnableBokehSettings:1      ; bokeh simulation when scattering]]
[2019.11.08-01.56.34:446][  0]LogConfig: Setting CVar [[r.DOF.Scatter.MaxSpriteRatio:0.1         ; only a maximum of 10% of scattered bokeh]]
[2019.11.08-01.56.34:446][  0]LogConfig: Setting CVar [[r.DOF.Recombine.Quality:1                ; cheap slight out of focus]]
[2019.11.08-01.56.34:446][  0]LogConfig: Setting CVar [[r.DOF.Recombine.EnableBokehSettings:0    ; no bokeh simulation on slight out of focus]]
[2019.11.08-01.56.34:446][  0]LogConfig: Setting CVar [[r.DOF.TemporalAAQuality:1                ; more stable temporal accumulation]]
[2019.11.08-01.56.34:446][  0]LogConfig: Setting CVar [[r.DOF.Kernel.MaxForegroundRadius:0.025]]
[2019.11.08-01.56.34:446][  0]LogConfig: Setting CVar [[r.DOF.Kernel.MaxBackgroundRadius:0.025]]
[2019.11.08-01.56.34:446][  0]LogConfig: Applying CVar settings from Section [TextureQuality@3] File [C:/Users/danny/Desktop/Systems_Sandbox/Mechanics_Sandbox/Saved/Config/Windows/Scalability.ini]
[2019.11.08-01.56.34:446][  0]LogConfig: Setting CVar [[r.Streaming.MipBias:0]]
[2019.11.08-01.56.34:446][  0]LogConfig: Setting CVar [[r.Streaming.AmortizeCPUToGPUCopy:0]]
[2019.11.08-01.56.34:446][  0]LogConfig: Setting CVar [[r.Streaming.MaxNumTexturesToStreamPerFrame:0]]
[2019.11.08-01.56.34:446][  0]LogConfig: Setting CVar [[r.Streaming.Boost:1]]
[2019.11.08-01.56.34:446][  0]LogConfig: Setting CVar [[r.MaxAnisotropy:8]]
[2019.11.08-01.56.34:446][  0]LogConfig: Setting CVar [[r.Streaming.LimitPoolSizeToVRAM:0]]
[2019.11.08-01.56.34:447][  0]LogConfig: Setting CVar [[r.Streaming.PoolSize:1000]]
[2019.11.08-01.56.34:447][  0]LogConfig: Setting CVar [[r.Streaming.MaxEffectiveScreenSize:0]]
[2019.11.08-01.56.34:447][  0]LogConfig: Applying CVar settings from Section [EffectsQuality@3] File [C:/Users/danny/Desktop/Systems_Sandbox/Mechanics_Sandbox/Saved/Config/Windows/Scalability.ini]
[2019.11.08-01.56.34:447][  0]LogConfig: Setting CVar [[r.TranslucencyLightingVolumeDim:64]]
[2019.11.08-01.56.34:447][  0]LogConfig: Setting CVar [[r.RefractionQuality:2]]
[2019.11.08-01.56.34:447][  0]LogConfig: Setting CVar [[r.SSR.Quality:3]]
[2019.11.08-01.56.34:447][  0]LogConfig: Setting CVar [[r.SceneColorFormat:4]]
[2019.11.08-01.56.34:447][  0]LogConfig: Setting CVar [[r.DetailMode:2]]
[2019.11.08-01.56.34:447][  0]LogConfig: Setting CVar [[r.TranslucencyVolumeBlur:1]]
[2019.11.08-01.56.34:447][  0]LogConfig: Setting CVar [[r.MaterialQualityLevel:1 ; High quality]]
[2019.11.08-01.56.34:447][  0]LogConfig: Setting CVar [[r.SSS.Scale:1]]
[2019.11.08-01.56.34:447][  0]LogConfig: Setting CVar [[r.SSS.SampleSet:2]]
[2019.11.08-01.56.34:447][  0]LogConfig: Setting CVar [[r.SSS.Quality:1]]
[2019.11.08-01.56.34:447][  0]LogConfig: Setting CVar [[r.SSS.HalfRes:1]]
[2019.11.08-01.56.34:447][  0]LogConfig: Setting CVar [[r.EmitterSpawnRateScale:1.0]]
[2019.11.08-01.56.34:447][  0]LogConfig: Setting CVar [[r.ParticleLightQuality:2]]
[2019.11.08-01.56.34:447][  0]LogConfig: Applying CVar settings from Section [FoliageQuality@3] File [C:/Users/danny/Desktop/Systems_Sandbox/Mechanics_Sandbox/Saved/Config/Windows/Scalability.ini]
[2019.11.08-01.56.34:448][  0]LogConfig: Setting CVar [[foliage.DensityScale:1.0]]
[2019.11.08-01.56.34:448][  0]LogConfig: Setting CVar [[grass.DensityScale:1.0]]
[2019.11.08-01.56.34:448][  0]LogConfig: Applying CVar settings from Section [Startup] File [../../../Engine/Config/ConsoleVariables.ini]
[2019.11.08-01.56.34:449][  0]LogConfig: Setting CVar [[net.UseAdaptiveNetUpdateFrequency:0]]
[2019.11.08-01.56.34:449][  0]LogConfig: Setting CVar [[p.chaos.AllowCreatePhysxBodies:1]]
[2019.11.08-01.56.34:449][  0]LogConfig: Applying CVar settings from Section [ConsoleVariables] File [C:/Users/danny/Desktop/Systems_Sandbox/Mechanics_Sandbox/Saved/Config/Windows/Engine.ini]
[2019.11.08-01.56.34:449][  0]LogInit: Computer: MIMSI
[2019.11.08-01.56.34:449][  0]LogInit: User: danny
[2019.11.08-01.56.34:449][  0]LogInit: CPU Page size=4096, Cores=4
[2019.11.08-01.56.34:449][  0]LogInit: High frequency timer resolution =10.000000 MHz
[2019.11.08-01.56.34:450][  0]LogMemory: Memory total: Physical=15.9GB (16GB approx)
[2019.11.08-01.56.34:450][  0]LogMemory: Platform Memory Stats for Windows
[2019.11.08-01.56.34:450][  0]LogMemory: Process Physical Memory: 98.93 MB used, 98.94 MB peak
[2019.11.08-01.56.34:450][  0]LogMemory: Process Virtual Memory: 97.59 MB used, 97.59 MB peak
[2019.11.08-01.56.34:450][  0]LogMemory: Physical Memory: 7023.94 MB used,  9245.21 MB free, 16269.16 MB total
[2019.11.08-01.56.34:451][  0]LogMemory: Virtual Memory: 4650.84 MB used,  134213080.00 MB free, 134217728.00 MB total
[2019.11.08-01.56.34:535][  0]LogInit: Using OS detected language (en-US).
[2019.11.08-01.56.34:535][  0]LogInit: Using OS detected locale (en-US).
[2019.11.08-01.56.34:539][  0]LogTextLocalizationManager: No specific localization for 'en-US' exists, so the 'en' localization will be used.
[2019.11.08-01.56.35:242][  0]LogSlate: New Slate User Created.  User Index 0, Is Virtual User: 0
[2019.11.08-01.56.35:242][  0]LogSlate: Slate User Registered.  User Index 0, Is Virtual User: 0
[2019.11.08-01.56.36:240][  0]LogHMD: Failed to initialize OpenVR with code 100
[2019.11.08-01.56.36:240][  0]LogD3D11RHI: D3D11 adapters:
[2019.11.08-01.56.36:555][  0]LogD3D11RHI:    0. 'NVIDIA GeForce GTX 1070' (Feature Level 11_0)
[2019.11.08-01.56.36:555][  0]LogD3D11RHI:       8082/0/8134 MB DedicatedVideo/DedicatedSystem/SharedSystem, Outputs:2, VendorId:0x10de
[2019.11.08-01.56.36:594][  0]LogD3D11RHI:    1. 'Intel(R) HD Graphics 630' (Feature Level 11_0)
[2019.11.08-01.56.36:594][  0]LogD3D11RHI:       128/0/8134 MB DedicatedVideo/DedicatedSystem/SharedSystem, Outputs:0, VendorId:0x8086
[2019.11.08-01.56.36:602][  0]LogD3D11RHI:    2. 'Microsoft Basic Render Driver' (Feature Level 11_0)
[2019.11.08-01.56.36:602][  0]LogD3D11RHI:       0/0/8134 MB DedicatedVideo/DedicatedSystem/SharedSystem, Outputs:0, VendorId:0x1414
[2019.11.08-01.56.36:602][  0]LogD3D11RHI: Chosen D3D11 Adapter: 0
[2019.11.08-01.56.36:701][  0]LogD3D11RHI: Creating new Direct3DDevice
[2019.11.08-01.56.36:702][  0]LogD3D11RHI:     GPU DeviceId: 0x1ba1 (for the marketing name, search the web for "GPU Device Id")
[2019.11.08-01.56.36:702][  0]LogWindows: EnumDisplayDevices:
[2019.11.08-01.56.36:703][  0]LogWindows:    0. 'Intel(R) HD Graphics 630' (P:1 D:1)
[2019.11.08-01.56.36:704][  0]LogWindows:    1. 'Intel(R) HD Graphics 630' (P:0 D:0)
[2019.11.08-01.56.36:705][  0]LogWindows:    2. 'Intel(R) HD Graphics 630' (P:0 D:0)
[2019.11.08-01.56.36:706][  0]LogWindows:    3. 'NVIDIA GeForce GTX 1070' (P:0 D:1)
[2019.11.08-01.56.36:707][  0]LogWindows:    4. 'NVIDIA GeForce GTX 1070' (P:0 D:0)
[2019.11.08-01.56.36:709][  0]LogWindows:    5. 'NVIDIA GeForce GTX 1070' (P:0 D:0)
[2019.11.08-01.56.36:710][  0]LogWindows:    6. 'NVIDIA GeForce GTX 1070' (P:0 D:0)
[2019.11.08-01.56.36:711][  0]LogWindows: DebugString: PrimaryIsNotTheChoosenAdapter PrimaryIsNotTheChoosenAdapter PrimaryIsNotTheChoosenAdapter FoundDriverCount:4 
[2019.11.08-01.56.36:711][  0]LogD3D11RHI:     Adapter Name: NVIDIA GeForce GTX 1070
[2019.11.08-01.56.36:711][  0]LogD3D11RHI:   Driver Version: 440.97 (internal:26.21.14.4097, unified:440.97)
[2019.11.08-01.56.36:711][  0]LogD3D11RHI:      Driver Date: 10-16-2019
[2019.11.08-01.56.36:711][  0]LogRHI: Texture pool is 5657 MB (70% of 8082 MB)
[2019.11.08-01.56.36:880][  0]LogD3D11RHI: Async texture creation enabled
[2019.11.08-01.56.36:894][  0]LogRendererCore: FGlobalReadBuffer::InitRHI
[2019.11.08-01.56.36:895][  0]LogRendererCore: FGlobalReadBuffer::InitRHI
[2019.11.08-01.56.36:895][  0]LogRendererCore: FGlobalReadBuffer::InitRHI
[2019.11.08-01.56.36:911][  0]LogD3D11RHI: GPU Timing Frequency: 1000.000000 (Debug: 2 1)
[2019.11.08-01.56.38:065][  0]LogTemp: Display: Module 'AllDesktopTargetPlatform' loaded TargetPlatform 'AllDesktop'
[2019.11.08-01.56.38:124][  0]LogTemp: Display: Module 'MacClientTargetPlatform' loaded TargetPlatform 'MacClient'
[2019.11.08-01.56.38:183][  0]LogTemp: Display: Module 'MacNoEditorTargetPlatform' loaded TargetPlatform 'MacNoEditor'
[2019.11.08-01.56.38:241][  0]LogTemp: Display: Module 'MacServerTargetPlatform' loaded TargetPlatform 'MacServer'
[2019.11.08-01.56.38:305][  0]LogTemp: Display: Module 'MacTargetPlatform' loaded TargetPlatform 'Mac'
[2019.11.08-01.56.38:369][  0]LogTemp: Display: Module 'WindowsClientTargetPlatform' loaded TargetPlatform 'WindowsClient'
[2019.11.08-01.56.38:429][  0]LogTemp: Display: Module 'WindowsNoEditorTargetPlatform' loaded TargetPlatform 'WindowsNoEditor'
[2019.11.08-01.56.38:491][  0]LogTemp: Display: Module 'WindowsServerTargetPlatform' loaded TargetPlatform 'WindowsServer'
[2019.11.08-01.56.38:518][  0]LogTemp: Display: Module 'WindowsTargetPlatform' loaded TargetPlatform 'Windows'
[2019.11.08-01.56.38:889][  0]LogTemp: Display: Module 'AndroidTargetPlatform' loaded TargetPlatform 'Android'
[2019.11.08-01.56.38:889][  0]LogTemp: Display: Module 'AndroidTargetPlatform' loaded TargetPlatform 'Android_ASTC'
[2019.11.08-01.56.38:889][  0]LogTemp: Display: Module 'AndroidTargetPlatform' loaded TargetPlatform 'Android_ATC'
[2019.11.08-01.56.38:889][  0]LogTemp: Display: Module 'AndroidTargetPlatform' loaded TargetPlatform 'Android_DXT'
[2019.11.08-01.56.38:890][  0]LogTemp: Display: Module 'AndroidTargetPlatform' loaded TargetPlatform 'Android_ETC1'
[2019.11.08-01.56.38:890][  0]LogTemp: Display: Module 'AndroidTargetPlatform' loaded TargetPlatform 'Android_ETC1a'
[2019.11.08-01.56.38:890][  0]LogTemp: Display: Module 'AndroidTargetPlatform' loaded TargetPlatform 'Android_ETC2'
[2019.11.08-01.56.38:890][  0]LogTemp: Display: Module 'AndroidTargetPlatform' loaded TargetPlatform 'Android_PVRTC'
[2019.11.08-01.56.38:890][  0]LogTemp: Display: Module 'AndroidTargetPlatform' loaded TargetPlatform 'AndroidClient'
[2019.11.08-01.56.38:890][  0]LogTemp: Display: Module 'AndroidTargetPlatform' loaded TargetPlatform 'Android_ASTCClient'
[2019.11.08-01.56.38:890][  0]LogTemp: Display: Module 'AndroidTargetPlatform' loaded TargetPlatform 'Android_ATCClient'
[2019.11.08-01.56.38:890][  0]LogTemp: Display: Module 'AndroidTargetPlatform' loaded TargetPlatform 'Android_DXTClient'
[2019.11.08-01.56.38:890][  0]LogTemp: Display: Module 'AndroidTargetPlatform' loaded TargetPlatform 'Android_ETC1Client'
[2019.11.08-01.56.38:890][  0]LogTemp: Display: Module 'AndroidTargetPlatform' loaded TargetPlatform 'Android_ETC1aClient'
[2019.11.08-01.56.38:890][  0]LogTemp: Display: Module 'AndroidTargetPlatform' loaded TargetPlatform 'Android_ETC2Client'
[2019.11.08-01.56.38:890][  0]LogTemp: Display: Module 'AndroidTargetPlatform' loaded TargetPlatform 'Android_PVRTCClient'
[2019.11.08-01.56.38:891][  0]LogTemp: Display: Module 'AndroidTargetPlatform' loaded TargetPlatform 'Android_Multi'
[2019.11.08-01.56.38:891][  0]LogTemp: Display: Module 'AndroidTargetPlatform' loaded TargetPlatform 'Android_MultiClient'
[2019.11.08-01.56.38:896][  0]LogTemp: Display: Module 'HTML5TargetPlatform' loaded TargetPlatform 'HTML5'
[2019.11.08-01.56.39:044][  0]LogTemp: Display: Module 'IOSTargetPlatform' loaded TargetPlatform 'IOSClient'
[2019.11.08-01.56.39:044][  0]LogTemp: Display: Module 'IOSTargetPlatform' loaded TargetPlatform 'IOS'
[2019.11.08-01.56.39:158][  0]LogTemp: Display: Module 'TVOSTargetPlatform' loaded TargetPlatform 'TVOSClient'
[2019.11.08-01.56.39:158][  0]LogTemp: Display: Module 'TVOSTargetPlatform' loaded TargetPlatform 'TVOS'
[2019.11.08-01.56.39:215][  0]LogTemp: Display: Module 'LinuxClientTargetPlatform' loaded TargetPlatform 'LinuxClient'
[2019.11.08-01.56.39:276][  0]LogTemp: Display: Module 'LinuxNoEditorTargetPlatform' loaded TargetPlatform 'LinuxNoEditor'
[2019.11.08-01.56.39:332][  0]LogTemp: Display: Module 'LinuxServerTargetPlatform' loaded TargetPlatform 'LinuxServer'
[2019.11.08-01.56.39:391][  0]LogTemp: Display: Module 'LinuxTargetPlatform' loaded TargetPlatform 'Linux'
[2019.11.08-01.56.39:588][  0]LogTemp: Display: Module 'LuminTargetPlatform' loaded TargetPlatform 'Lumin'
[2019.11.08-01.56.39:588][  0]LogTemp: Display: Module 'LuminTargetPlatform' loaded TargetPlatform 'LuminClient'
[2019.11.08-01.56.39:588][  0]LogTargetPlatformManager: Display: Building Assets For Windows
[2019.11.08-01.56.39:620][  0]LogAudioDebug: Display: Lib vorbis DLL was dynamically loaded.
[2019.11.08-01.56.39:776][  0]LogShaderCompilers: Guid format shader working directory is -11 characters bigger than the processId version (C:/Users/danny/Desktop/Systems_Sandbox/Mechanics_Sandbox/Intermediate/Shaders/WorkingDirectory/17340/).
[2019.11.08-01.56.39:776][  0]LogShaderCompilers: Cleaned the shader compiler working directory 'C:/Users/danny/AppData/Local/Temp/UnrealShaderWorkingDir/837CA66E4772C4EAE84168BD1758C26F/'.
[2019.11.08-01.56.39:784][  0]LogXGEController: Cannot use XGE Controller as Incredibuild is not installed on this machine.
[2019.11.08-01.56.39:784][  0]LogShaderCompilers: Cannot use XGE Shader Compiler as Incredibuild is not installed on this machine.
[2019.11.08-01.56.39:784][  0]LogShaderCompilers: Display: Using Local Shader Compiler.
[2019.11.08-01.56.41:999][  0]LogDerivedDataCache: Display: Max Cache Size: 512 MB
[2019.11.08-01.56.42:146][  0]LogDerivedDataCache: Loaded boot cache 0.15s 71MB C:/Users/danny/AppData/Local/UnrealEngine/4.22/DerivedDataCache/Boot.ddc.
[2019.11.08-01.56.42:146][  0]LogDerivedDataCache: Display: Loaded Boot cache: C:/Users/danny/AppData/Local/UnrealEngine/4.22/DerivedDataCache/Boot.ddc
[2019.11.08-01.56.42:146][  0]LogDerivedDataCache: FDerivedDataBackendGraph:  Pak pak cache file C:/Users/danny/Desktop/Systems_Sandbox/Mechanics_Sandbox/DerivedDataCache/DDC.ddp not found, will not use a pak cache.
[2019.11.08-01.56.42:146][  0]LogDerivedDataCache: Unable to find inner node Pak for hierarchical cache Hierarchy.
[2019.11.08-01.56.42:146][  0]LogDerivedDataCache: FDerivedDataBackendGraph:  CompressedPak pak cache file C:/Users/danny/Desktop/Systems_Sandbox/Mechanics_Sandbox/DerivedDataCache/Compressed.ddp not found, will not use a pak cache.
[2019.11.08-01.56.42:146][  0]LogDerivedDataCache: Unable to find inner node CompressedPak for hierarchical cache Hierarchy.
[2019.11.08-01.56.42:189][  0]LogDerivedDataCache: Display: Pak cache opened for reading ../../../Engine/DerivedDataCache/Compressed.ddp.
[2019.11.08-01.56.42:189][  0]LogDerivedDataCache: FDerivedDataBackendGraph:  EnterprisePak pak cache file ../../../Enterprise/DerivedDataCache/Compressed.ddp not found, will not use a pak cache.
[2019.11.08-01.56.42:189][  0]LogDerivedDataCache: Unable to find inner node EnterprisePak for hierarchical cache Hierarchy.
[2019.11.08-01.56.42:203][  0]LogDerivedDataCache: Using Local data cache path C:/Users/danny/AppData/Local/UnrealEngine/Common/DerivedDataCache: Writable
[2019.11.08-01.56.42:203][  0]LogDerivedDataCache: Shared data cache path not found in *engine.ini, will not use an Shared cache.
[2019.11.08-01.56.42:203][  0]LogDerivedDataCache: Unable to find inner node Shared for hierarchical cache Hierarchy.
[2019.11.08-01.56.42:303][  0]LogMaterial: Verifying Global Shaders for PCD3D_SM5
[2019.11.08-01.56.42:306][  0]LogSlate: Using FreeType 2.6.0
[2019.11.08-01.56.42:308][  0]LogSlate: SlateFontServices - WITH_FREETYPE: 1, WITH_HARFBUZZ: 1
[2019.11.08-01.56.42:589][  0]LogAssetRegistry: FAssetRegistry took 0.0710 seconds to start up
[2019.11.08-01.56.43:953][  0]LogInit: Selected Device Profile: [Windows]
[2019.11.08-01.56.44:437][  0]LogMeshReduction: Using QuadricMeshReduction for automatic static mesh reduction
[2019.11.08-01.56.44:437][  0]LogMeshReduction: Using SimplygonMeshReduction for automatic skeletal mesh reduction
[2019.11.08-01.56.44:437][  0]LogMeshReduction: Using ProxyLODMeshReduction for automatic mesh merging
[2019.11.08-01.56.44:437][  0]LogMeshReduction: No distributed automatic mesh merging module available
[2019.11.08-01.56.44:438][  0]LogMeshMerging: No distributed automatic mesh merging module available
[2019.11.08-01.56.44:503][  0]LogNetVersion: Mechanics_Sandbox 1.0.0, NetCL: 5660361, EngineNetVer: 10, GameNetVer: 0 (Checksum: 3413983669)
[2019.11.08-01.56.45:918][  0]LogPackageLocalizationCache: Processed 10 localized package path(s) for 1 prioritized culture(s) in 0.165390 seconds
[2019.11.08-01.56.45:943][  0]LogUObjectArray: 42205 objects as part of root set at end of initial load.
[2019.11.08-01.56.45:943][  0]LogUObjectAllocator: 7325032 out of 0 bytes used by permanent object pool.
[2019.11.08-01.56.45:943][  0]LogUObjectArray: CloseDisregardForGC: 0/0 objects in disregard for GC pool
[2019.11.08-01.56.49:048][  0]LogTcpMessaging: Initializing TcpMessaging bridge
[2019.11.08-01.56.49:068][  0]LogUdpMessaging: Initializing bridge on interface 0.0.0.0:0 to multicast group 230.0.0.1:6666.
[2019.11.08-01.56.49:627][  0]SourceControl: Source control is disabled
[2019.11.08-01.56.49:627][  0]SourceControl: Source control is disabled
[2019.11.08-01.56.49:631][  0]SourceControl: Source control is disabled
[2019.11.08-01.56.49:634][  0]SourceControl: Source control is disabled
[2019.11.08-01.56.49:850][  0]LogAndroidPermission: UAndroidPermissionCallbackProxy::GetInstance
[2019.11.08-01.56.50:154][  0]LogOcInput: OculusInput pre-init called
[2019.11.08-01.56.52:653][  0]LogEngine: Initializing Engine...
[2019.11.08-01.56.52:656][  0]LogHMD: Failed to initialize OpenVR with code 100
[2019.11.08-01.56.52:660][  0]LogStats: UGameplayTagsManager::InitializeManager -  0.001 s
[2019.11.08-01.56.53:418][  0]LogInit: Initializing FReadOnlyCVARCache
[2019.11.08-01.56.53:494][  0]LogAIModule: Creating AISystem for world Untitled
[2019.11.08-01.56.53:591][  0]LogInit: XAudio2 using 'Headset Earphone (SteelSeries Arctis 5 Chat)' : 2 channels at 48 kHz using 16 bits per sample (channel mask 0x3)
[2019.11.08-01.56.53:687][  0]LogInit: FAudioDevice initialized.
[2019.11.08-01.56.53:688][  0]LogNetVersion: Set ProjectVersion to 1.0.0.0. Version Checksum will be recalculated on next use.
[2019.11.08-01.56.53:816][  0]LogDerivedDataCache: Saved boot cache 0.13s 71MB C:/Users/danny/AppData/Local/UnrealEngine/4.22/DerivedDataCache/Boot.ddc.
[2019.11.08-01.56.53:846][  0]LogInit: Texture streaming: Enabled
[2019.11.08-01.56.53:885][  0]LogEngineSessionManager: EngineSessionManager initialized
[2019.11.08-01.56.53:994][  0]LogInit: Transaction tracking system initialized
[2019.11.08-01.56.54:046][  0]BlueprintLog: New page: Editor Load
[2019.11.08-01.56.54:240][  0]LocalizationService: Localization service is disabled
[2019.11.08-01.56.56:383][  0]LogFileCache: Scanning file cache for directory 'C:/Users/danny/Desktop/Systems_Sandbox/Mechanics_Sandbox/Content/' took 0.04s
[2019.11.08-01.56.56:383][  0]LogCook: Display: Max memory allowance for cook 16384mb min free memory 0mb
[2019.11.08-01.56.56:383][  0]LogCook: Display: Mobile HDR setting 1
[2019.11.08-01.56.57:009][  0]SourceControl: Source control is disabled
[2019.11.08-01.56.57:009][  0]Cmd: MAP LOAD FILE="C:/Users/danny/Desktop/Systems_Sandbox/Mechanics_Sandbox/Content/FirstPersonBP/Maps/FirstPersonExampleMap.umap" TEMPLATE=0 SHOWPROGRESS=1 FEATURELEVEL=3
[2019.11.08-01.56.57:010][  0]LightingResults: New page: Lighting Build
[2019.11.08-01.56.57:017][  0]MapCheck: New page: Map Check
[2019.11.08-01.56.57:017][  0]LightingResults: New page: Lighting Build
[2019.11.08-01.56.57:137][  0]LogUObjectHash: Compacting FUObjectHashTables data took   5.87ms
[2019.11.08-01.57.02:092][  0]LogAIModule: Creating AISystem for world FirstPersonExampleMap
[2019.11.08-01.57.02:329][  0]LogEditorServer: Finished looking for orphan Actors (0.000 secs)
[2019.11.08-01.57.02:438][  0]LogUObjectHash: Compacting FUObjectHashTables data took   9.12ms
[2019.11.08-01.57.02:438][  0]Cmd: MAP CHECKDEP NOCLEARLOG
[2019.11.08-01.57.02:439][  0]MapCheck: Map check complete: 0 Error(s), 0 Warning(s), took 0.447ms to complete.
[2019.11.08-01.57.02:439][  0]LogFileHelpers: Loading map 'FirstPersonExampleMap' took 5.430
[2019.11.08-01.57.03:399][  0]LogCollectionManager: Loaded 0 collections in 0.003718 seconds
[2019.11.08-01.57.03:475][  0]LogFileCache: Scanning file cache for directory 'C:/Users/danny/Desktop/Systems_Sandbox/Mechanics_Sandbox/Saved/Collections/' took 0.01s
[2019.11.08-01.57.03:475][  0]LogFileCache: Scanning file cache for directory 'C:/Users/danny/Desktop/Systems_Sandbox/Mechanics_Sandbox/Content/Developers/danny/Collections/' took 0.01s
[2019.11.08-01.57.03:475][  0]LogFileCache: Scanning file cache for directory 'C:/Users/danny/Desktop/Systems_Sandbox/Mechanics_Sandbox/Content/Collections/' took 0.00s
[2019.11.08-01.57.03:475][  0]LogCollectionManager: Rebuilt the GUID cache for 0 collections in 0.000001 seconds
[2019.11.08-01.57.03:513][  0]LogContentBrowser: Native class hierarchy populated in 0.0378 seconds. Added 2742 classes and 666 folders.
[2019.11.08-01.57.03:567][  0]LogContentBrowser: Native class hierarchy updated for 'WidgetCarousel' in 0.0009 seconds. Added 0 classes and 0 folders.
[2019.11.08-01.57.03:646][  0]LogPakFile: Registered encryption key '00000000000000000000000000000000': 0 pak files mounted, 0 remain pending
[2019.11.08-01.57.03:682][  0]LogPakFile: Registered encryption key '00000000000000000000000000000000': 0 pak files mounted, 0 remain pending
[2019.11.08-01.57.03:763][  0]LogPakFile: Registered encryption key '00000000000000000000000000000000': 0 pak files mounted, 0 remain pending
[2019.11.08-01.57.03:791][  0]LogPakFile: Registered encryption key '00000000000000000000000000000000': 0 pak files mounted, 0 remain pending
[2019.11.08-01.57.03:822][  0]LogPakFile: Registered encryption key '00000000000000000000000000000000': 0 pak files mounted, 0 remain pending
[2019.11.08-01.57.03:849][  0]LogPakFile: Registered encryption key '00000000000000000000000000000000': 0 pak files mounted, 0 remain pending
[2019.11.08-01.57.03:867][  0]LogPakFile: Registered encryption key '00000000000000000000000000000000': 0 pak files mounted, 0 remain pending
[2019.11.08-01.57.03:886][  0]LogPakFile: Registered encryption key '00000000000000000000000000000000': 0 pak files mounted, 0 remain pending
[2019.11.08-01.57.03:906][  0]LogPakFile: Registered encryption key '00000000000000000000000000000000': 0 pak files mounted, 0 remain pending
[2019.11.08-01.57.03:941][  0]LogPakFile: Registered encryption key '00000000000000000000000000000000': 0 pak files mounted, 0 remain pending
[2019.11.08-01.57.03:961][  0]LogPakFile: Registered encryption key '00000000000000000000000000000000': 0 pak files mounted, 0 remain pending
[2019.11.08-01.57.03:978][  0]LogPakFile: Registered encryption key '00000000000000000000000000000000': 0 pak files mounted, 0 remain pending
[2019.11.08-01.57.04:000][  0]LogPakFile: Registered encryption key '00000000000000000000000000000000': 0 pak files mounted, 0 remain pending
[2019.11.08-01.57.04:020][  0]LogPakFile: Registered encryption key '00000000000000000000000000000000': 0 pak files mounted, 0 remain pending
[2019.11.08-01.57.04:039][  0]LogPakFile: Registered encryption key '00000000000000000000000000000000': 0 pak files mounted, 0 remain pending
[2019.11.08-01.57.04:059][  0]LogPakFile: Registered encryption key '00000000000000000000000000000000': 0 pak files mounted, 0 remain pending
[2019.11.08-01.57.04:177][  0]LogPakFile: Registered encryption key '00000000000000000000000000000000': 0 pak files mounted, 0 remain pending
[2019.11.08-01.57.04:196][  0]LogPakFile: Registered encryption key '00000000000000000000000000000000': 0 pak files mounted, 0 remain pending
[2019.11.08-01.57.04:217][  0]LogPakFile: Registered encryption key '00000000000000000000000000000000': 0 pak files mounted, 0 remain pending
[2019.11.08-01.57.04:233][  0]LogPakFile: Registered encryption key '00000000000000000000000000000000': 0 pak files mounted, 0 remain pending
[2019.11.08-01.57.04:254][  0]LogPakFile: Registered encryption key '00000000000000000000000000000000': 0 pak files mounted, 0 remain pending
[2019.11.08-01.57.04:269][  0]LogPakFile: Registered encryption key '00000000000000000000000000000000': 0 pak files mounted, 0 remain pending
[2019.11.08-01.57.04:291][  0]LogPakFile: Registered encryption key '00000000000000000000000000000000': 0 pak files mounted, 0 remain pending
[2019.11.08-01.57.04:311][  0]LogPakFile: Registered encryption key '00000000000000000000000000000000': 0 pak files mounted, 0 remain pending
[2019.11.08-01.57.04:332][  0]LogPakFile: Registered encryption key '00000000000000000000000000000000': 0 pak files mounted, 0 remain pending
[2019.11.08-01.57.04:351][  0]LogPakFile: Registered encryption key '00000000000000000000000000000000': 0 pak files mounted, 0 remain pending
[2019.11.08-01.57.05:366][  0]LogContentBrowser: Native class hierarchy updated for 'AddContentDialog' in 0.0008 seconds. Added 0 classes and 0 folders.
[2019.11.08-01.57.06:183][  0]LogSlate: Updating window title bar state: overlay mode, drag disabled, window buttons hidden, title bar hidden
[2019.11.08-01.57.06:222][  0]LogSlate: Updating window title bar state: overlay mode, drag disabled, window buttons hidden, title bar hidden
[2019.11.08-01.57.06:265][  0]LogSlate: Updating window title bar state: overlay mode, drag disabled, window buttons hidden, title bar hidden
[2019.11.08-01.57.06:311][  0]LogSlate: Updating window title bar state: overlay mode, drag disabled, window buttons hidden, title bar hidden
[2019.11.08-01.57.06:442][  0]LogContentBrowser: Native class hierarchy updated for 'HierarchicalLODOutliner' in 0.0009 seconds. Added 0 classes and 0 folders.
[2019.11.08-01.57.06:443][  0]LogLoad: (Engine Initialization) Total time: 38.61 seconds
[2019.11.08-01.57.06:443][  0]LogLoad: (Engine Initialization) Total Blueprint compile time: 0.00 seconds
[2019.11.08-01.57.06:670][  0]LogContentStreaming: Texture pool size now 1000 MB
[2019.11.08-01.57.06:676][  0]LogSlate: Took 0.001005 seconds to synchronously load lazily loaded font '../../../Engine/Content/Slate/Fonts/Roboto-Regular.ttf' (155K)
[2019.11.08-01.57.06:739][  0]LogSlate: Took 0.051686 seconds to synchronously load lazily loaded font '../../../Engine/Content/Editor/Slate/Fonts/FontAwesome.ttf' (139K)
[2019.11.08-01.57.06:753][  0]LogSlate: Took 0.001588 seconds to synchronously load lazily loaded font '../../../Engine/Content/Slate/Fonts/Roboto-Bold.ttf' (160K)
[2019.11.08-01.57.06:808][  0]LogSlate: Took 0.039173 seconds to synchronously load lazily loaded font '../../../Engine/Content/Slate/Fonts/DroidSansMono.ttf' (77K)
[2019.11.08-01.57.07:434][  0]LogSlate: Took 0.036654 seconds to synchronously load lazily loaded font '../../../Engine/Content/Slate/Fonts/Roboto-Light.ttf' (167K)
[2019.11.08-01.57.07:984][  1]LogRenderer: Reallocating scene render targets to support 748x888 Format 10 NumSamples 1 (Frame:1).
[2019.11.08-01.57.10:405][  2]LogSlate: Took 0.002732 seconds to synchronously load lazily loaded font '../../../Engine/Content/Slate/Fonts/Roboto-Light.ttf' (167K)
[2019.11.08-01.57.10:431][  2]LogAssetEditorManager: Opening Asset editor for Blueprint /Game/ExplosivePB/ImpactGrenade.ImpactGrenade
[2019.11.08-01.57.12:547][  2]LogContentBrowser: Native class hierarchy updated for 'BlueprintGraph' in 0.0025 seconds. Added 121 classes and 0 folders.
[2019.11.08-01.57.17:046][  2]LogAssetEditorManager: Opening Asset editor for Blueprint /Game/ExplosivePB/Grenade.Grenade
[2019.11.08-01.57.18:340][  2]LogSlate: FSceneViewport::OnFocusLost() reason 2
[2019.11.08-01.57.18:353][  2]LogAssetEditorManager: Opening Asset editor for Blueprint /Game/ExplosivePB/Explosive.Explosive
[2019.11.08-01.57.19:324][  2]LogAssetEditorManager: Opening Asset editor for Blueprint /Game/ExplosivePB/FuzeGrenadeProjectile.FuzeGrenadeProjectile
[2019.11.08-01.57.20:298][  2]LogAssetEditorManager: Opening Asset editor for Blueprint /Game/ExplosivePB/ImpactGrenadeProjectile.ImpactGrenadeProjectile
[2019.11.08-01.57.21:192][  2]LogAssetEditorManager: Opening Asset editor for Blueprint /Game/FirstPersonBP/Blueprints/FirstPersonCharacter.FirstPersonCharacter
[2019.11.08-01.57.22:154][  2]LogAssetEditorManager: Opening Asset editor for Blueprint /Game/ExplosivePB/RadiusMine.RadiusMine
[2019.11.08-01.57.23:077][  2]LogAssetEditorManager: Opening Asset editor for Blueprint /Game/ExplosivePB/FuzeGrenade.FuzeGrenade
[2019.11.08-01.57.24:029][  2]LogAssetEditorManager: Opening Asset editor for Blueprint /Game/ExplosivePB/Simple_Explosion.Simple_Explosion
[2019.11.08-01.57.25:146][  2]LogAssetEditorManager: Opening Asset editor for Blueprint /Game/ExplosivePB/StickyGrenade.StickyGrenade
[2019.11.08-01.57.26:077][  2]LogAssetEditorManager: Opening Asset editor for Blueprint /Game/FirstPersonBP/Blueprints/FirstPersonProjectile.FirstPersonProjectile
[2019.11.08-01.57.27:030][  2]LogAssetEditorManager: Opening Asset editor for Blueprint /Game/ExplosivePB/StickyGrenadeProjectile.StickyGrenadeProjectile
[2019.11.08-01.57.28:005][  2]LogAssetEditorManager: Opening Asset editor for Blueprint /Game/Item.Item
[2019.11.08-01.57.29:188][  2]LogSlate: Took 0.025153 seconds to synchronously load lazily loaded font '../../../Engine/Content/Slate/Fonts/Roboto-BoldCondensed.ttf' (158K)
[2019.11.08-01.57.29:853][  3]LogSlate: Took 0.028980 seconds to synchronously load lazily loaded font '../../../Engine/Content/Slate/Fonts/Roboto-Italic.ttf' (157K)
[2019.11.08-01.57.32:404][ 19]LogAssetRegistry: Asset discovery search completed in 49.8403 seconds
[2019.11.08-01.57.32:411][ 19]LogCollectionManager: Rebuilt the object cache for 0 collections in 0.000001 seconds (found 0 objects)
[2019.11.08-01.57.32:411][ 19]LogCollectionManager: Fixed up redirectors for 0 collections in 0.000485 seconds (updated 0 objects)
[2019.11.08-03.47.53:090][812]LogUObjectHash: Compacting FUObjectHashTables data took   9.67ms
[2019.11.08-03.48.00:411][ 23]LogUObjectHash: Compacting FUObjectHashTables data took   6.07ms
[2019.11.08-03.48.25:079][581]LogSlate: Window 'Pick Parent Class' being destroyed
[2019.11.08-03.48.48:314][277]LogUObjectHash: Compacting FUObjectHashTables data took   6.49ms
[2019.11.08-03.49.26:280][403]LogUObjectHash: Compacting FUObjectHashTables data took   8.40ms
[2019.11.08-03.49.26:281][403]LogFileHelpers: Editor autosave (incl. sublevels) for '/Game/FirstPersonBP/Maps/FirstPersonExampleMap' took 0.111
[2019.11.08-03.49.26:285][403]OBJ SavePackage: Generating thumbnails for [1] asset(s) in package [/Game/ExplosivePB/FuzeBehavior] ([1] browsable assets)...
[2019.11.08-03.49.26:319][403]OBJ SavePackage:     Rendered thumbnail for [Blueprint /Game/ExplosivePB/FuzeBehavior.FuzeBehavior]
[2019.11.08-03.49.26:320][403]OBJ SavePackage: Finished generating thumbnails for package [/Game/ExplosivePB/FuzeBehavior]
[2019.11.08-03.49.26:738][403]LogSavePackage: Moving 'C:/Users/danny/Desktop/Systems_Sandbox/Mechanics_Sandbox/Saved/FuzeBehavior_Auto14A2D06034FFE39B23971E7B856E1742D.tmp' to 'C:/Users/danny/Desktop/Systems_Sandbox/Mechanics_Sandbox/Saved/Autosaves/Game/ExplosivePB/FuzeBehavior_Auto1.uasset'
[2019.11.08-03.49.26:752][403]OBJ SavePackage: Generating thumbnails for [1] asset(s) in package [/Game/ExplosivePB/GrenadeBehavior] ([1] browsable assets)...
[2019.11.08-03.49.26:782][403]OBJ SavePackage:     Rendered thumbnail for [Blueprint /Game/ExplosivePB/GrenadeBehavior.GrenadeBehavior]
[2019.11.08-03.49.26:783][403]OBJ SavePackage: Finished generating thumbnails for package [/Game/ExplosivePB/GrenadeBehavior]
[2019.11.08-03.49.26:907][403]LogSavePackage: Moving 'C:/Users/danny/Desktop/Systems_Sandbox/Mechanics_Sandbox/Saved/GrenadeBehavior_Auto11842575D49116C796171DBBC9042A730.tmp' to 'C:/Users/danny/Desktop/Systems_Sandbox/Mechanics_Sandbox/Saved/Autosaves/Game/ExplosivePB/GrenadeBehavior_Auto1.uasset'
[2019.11.08-03.49.26:912][403]OBJ SavePackage: Generating thumbnails for [0] asset(s) in package [/Game/ExplosivePB/Behavior] ([1] browsable assets)...
[2019.11.08-03.49.26:912][403]OBJ SavePackage: Finished generating thumbnails for package [/Game/ExplosivePB/Behavior]
[2019.11.08-03.49.26:945][403]LogSavePackage: Moving 'C:/Users/danny/Desktop/Systems_Sandbox/Mechanics_Sandbox/Saved/Behavior_Auto1329D12B94024FBBA20FF7E8EE631730B.tmp' to 'C:/Users/danny/Desktop/Systems_Sandbox/Mechanics_Sandbox/Saved/Autosaves/Game/ExplosivePB/Behavior_Auto1.uasset'
[2019.11.08-03.49.26:949][403]OBJ SavePackage: Generating thumbnails for [1] asset(s) in package [/Game/ExplosivePB/GrenadeSystem] ([1] browsable assets)...
[2019.11.08-03.49.26:980][403]OBJ SavePackage:     Rendered thumbnail for [Blueprint /Game/ExplosivePB/GrenadeSystem.GrenadeSystem]
[2019.11.08-03.49.26:980][403]OBJ SavePackage: Finished generating thumbnails for package [/Game/ExplosivePB/GrenadeSystem]
[2019.11.08-03.49.27:081][403]LogSavePackage: Moving 'C:/Users/danny/Desktop/Systems_Sandbox/Mechanics_Sandbox/Saved/GrenadeSystem_Auto193B92A34454AE03FD80F089D6DDB6F00.tmp' to 'C:/Users/danny/Desktop/Systems_Sandbox/Mechanics_Sandbox/Saved/Autosaves/Game/ExplosivePB/GrenadeSystem_Auto1.uasset'
[2019.11.08-03.49.27:085][403]LogFileHelpers: Auto-saving content packages took 0.802
[2019.11.08-03.58.47:674][221]LogMetaData: Removing '/Game/ExplosivePB/Experimental/Behavior.Behavior:UserConstructionScript.K2Node_FunctionEntry_0' ref from Metadata '/Game/ExplosivePB/Behavior.PackageMetaData'
[2019.11.08-03.58.47:674][221]LogMetaData: Removing '/Game/ExplosivePB/Experimental/Behavior.SKEL_Behavior_C:DefaultSceneRoot' ref from Metadata '/Game/ExplosivePB/Behavior.PackageMetaData'
[2019.11.08-03.58.47:675][221]LogMetaData: Removing '/Game/ExplosivePB/Experimental/Behavior.SKEL_Behavior_C:UserConstructionScript' ref from Metadata '/Game/ExplosivePB/Behavior.PackageMetaData'
[2019.11.08-03.58.47:676][221]LogMetaData: Removing '/Game/ExplosivePB/Experimental/Behavior.SKEL_Behavior_C' ref from Metadata '/Game/ExplosivePB/Behavior.PackageMetaData'
[2019.11.08-03.58.47:676][221]LogMetaData: Removing '/Game/ExplosivePB/Experimental/Behavior.Behavior_C:DefaultSceneRoot' ref from Metadata '/Game/ExplosivePB/Behavior.PackageMetaData'
[2019.11.08-03.58.47:677][221]LogMetaData: Removing '/Game/ExplosivePB/Experimental/Behavior.Behavior_C' ref from Metadata '/Game/ExplosivePB/Behavior.PackageMetaData'
[2019.11.08-03.58.47:677][221]LogMetaData: Removing '/Game/ExplosivePB/Experimental/Behavior.Behavior:EventGraph.K2Node_Event_0' ref from Metadata '/Game/ExplosivePB/Behavior.PackageMetaData'
[2019.11.08-03.58.47:678][221]LogMetaData: Removing '/Game/ExplosivePB/Experimental/Behavior.Behavior:EventGraph.K2Node_Event_1' ref from Metadata '/Game/ExplosivePB/Behavior.PackageMetaData'
[2019.11.08-03.58.47:678][221]LogMetaData: Removing '/Game/ExplosivePB/Experimental/Behavior.Behavior:EventGraph.K2Node_Event_2' ref from Metadata '/Game/ExplosivePB/Behavior.PackageMetaData'
[2019.11.08-03.58.47:708][221]LogMetaData: Removing '/Game/ExplosivePB/Experimental/GrenadeSystem.SKEL_GrenadeSystem_C' ref from Metadata '/Game/ExplosivePB/GrenadeSystem.PackageMetaData'
[2019.11.08-03.58.47:709][221]LogMetaData: Removing '/Game/ExplosivePB/Experimental/GrenadeSystem.GrenadeSystem_C' ref from Metadata '/Game/ExplosivePB/GrenadeSystem.PackageMetaData'
[2019.11.08-03.58.47:710][221]LogMetaData: Removing '/Game/ExplosivePB/Experimental/GrenadeSystem.SKEL_GrenadeSystem_C:ReceiveTick' ref from Metadata '/Game/ExplosivePB/GrenadeSystem.PackageMetaData'
[2019.11.08-03.58.47:710][221]LogMetaData: Removing '/Game/ExplosivePB/Experimental/GrenadeSystem.SKEL_GrenadeSystem_C:BlastRadius' ref from Metadata '/Game/ExplosivePB/GrenadeSystem.PackageMetaData'
[2019.11.08-03.58.47:711][221]LogMetaData: Removing '/Game/ExplosivePB/Experimental/GrenadeSystem.SKEL_GrenadeSystem_C:NewDefault' ref from Metadata '/Game/ExplosivePB/GrenadeSystem.PackageMetaData'
[2019.11.08-03.58.47:712][221]LogMetaData: Removing '/Game/ExplosivePB/Experimental/GrenadeSystem.SKEL_GrenadeSystem_C:Shell' ref from Metadata '/Game/ExplosivePB/GrenadeSystem.PackageMetaData'
[2019.11.08-03.58.47:713][221]LogMetaData: Removing '/Game/ExplosivePB/Experimental/GrenadeSystem.SKEL_GrenadeSystem_C:Infographic' ref from Metadata '/Game/ExplosivePB/GrenadeSystem.PackageMetaData'
[2019.11.08-03.58.47:713][221]LogMetaData: Removing '/Game/ExplosivePB/Experimental/GrenadeSystem.SKEL_GrenadeSystem_C:UserConstructionScript' ref from Metadata '/Game/ExplosivePB/GrenadeSystem.PackageMetaData'
[2019.11.08-03.58.47:714][221]LogMetaData: Removing '/Game/ExplosivePB/Experimental/GrenadeSystem.GrenadeSystem_C:BlastRadius' ref from Metadata '/Game/ExplosivePB/GrenadeSystem.PackageMetaData'
[2019.11.08-03.58.47:714][221]LogMetaData: Removing '/Game/ExplosivePB/Experimental/GrenadeSystem.GrenadeSystem_C:NewDefault' ref from Metadata '/Game/ExplosivePB/GrenadeSystem.PackageMetaData'
[2019.11.08-03.58.47:715][221]LogMetaData: Removing '/Game/ExplosivePB/Experimental/GrenadeSystem.GrenadeSystem_C:Shell' ref from Metadata '/Game/ExplosivePB/GrenadeSystem.PackageMetaData'
[2019.11.08-03.58.47:715][221]LogMetaData: Removing '/Game/ExplosivePB/Experimental/GrenadeSystem.GrenadeSystem_C:Infographic' ref from Metadata '/Game/ExplosivePB/GrenadeSystem.PackageMetaData'
[2019.11.08-03.58.47:716][221]LogMetaData: Removing '/Game/ExplosivePB/Experimental/GrenadeSystem.GrenadeSystem_C:ReceiveTick' ref from Metadata '/Game/ExplosivePB/GrenadeSystem.PackageMetaData'
[2019.11.08-03.58.47:732][221]LogMetaData: Removing '/Game/ExplosivePB/Experimental/GrenadeBehavior.SKEL_GrenadeBehavior_C' ref from Metadata '/Game/ExplosivePB/GrenadeBehavior.PackageMetaData'
[2019.11.08-03.58.47:734][221]LogMetaData: Removing '/Game/ExplosivePB/Experimental/GrenadeBehavior.GrenadeBehavior_C' ref from Metadata '/Game/ExplosivePB/GrenadeBehavior.PackageMetaData'
[2019.11.08-03.58.47:735][221]LogMetaData: Removing '/Game/ExplosivePB/Experimental/GrenadeBehavior.SKEL_GrenadeBehavior_C:ReceiveTick' ref from Metadata '/Game/ExplosivePB/GrenadeBehavior.PackageMetaData'
[2019.11.08-03.58.47:736][221]LogMetaData: Removing '/Game/ExplosivePB/Experimental/GrenadeBehavior.SKEL_GrenadeBehavior_C:BlastRadius' ref from Metadata '/Game/ExplosivePB/GrenadeBehavior.PackageMetaData'
[2019.11.08-03.58.47:737][221]LogMetaData: Removing '/Game/ExplosivePB/Experimental/GrenadeBehavior.SKEL_GrenadeBehavior_C:NewDefault' ref from Metadata '/Game/ExplosivePB/GrenadeBehavior.PackageMetaData'
[2019.11.08-03.58.47:737][221]LogMetaData: Removing '/Game/ExplosivePB/Experimental/GrenadeBehavior.SKEL_GrenadeBehavior_C:Shell' ref from Metadata '/Game/ExplosivePB/GrenadeBehavior.PackageMetaData'
[2019.11.08-03.58.47:738][221]LogMetaData: Removing '/Game/ExplosivePB/Experimental/GrenadeBehavior.SKEL_GrenadeBehavior_C:Infographic' ref from Metadata '/Game/ExplosivePB/GrenadeBehavior.PackageMetaData'
[2019.11.08-03.58.47:738][221]LogMetaData: Removing '/Game/ExplosivePB/Experimental/GrenadeBehavior.SKEL_GrenadeBehavior_C:UserConstructionScript' ref from Metadata '/Game/ExplosivePB/GrenadeBehavior.PackageMetaData'
[2019.11.08-03.58.47:739][221]LogMetaData: Removing '/Game/ExplosivePB/Experimental/GrenadeBehavior.GrenadeBehavior_C:BlastRadius' ref from Metadata '/Game/ExplosivePB/GrenadeBehavior.PackageMetaData'
[2019.11.08-03.58.47:739][221]LogMetaData: Removing '/Game/ExplosivePB/Experimental/GrenadeBehavior.GrenadeBehavior_C:NewDefault' ref from Metadata '/Game/ExplosivePB/GrenadeBehavior.PackageMetaData'
[2019.11.08-03.58.47:740][221]LogMetaData: Removing '/Game/ExplosivePB/Experimental/GrenadeBehavior.GrenadeBehavior_C:Shell' ref from Metadata '/Game/ExplosivePB/GrenadeBehavior.PackageMetaData'
[2019.11.08-03.58.47:741][221]LogMetaData: Removing '/Game/ExplosivePB/Experimental/GrenadeBehavior.GrenadeBehavior_C:Infographic' ref from Metadata '/Game/ExplosivePB/GrenadeBehavior.PackageMetaData'
[2019.11.08-03.58.47:741][221]LogMetaData: Removing '/Game/ExplosivePB/Experimental/GrenadeBehavior.GrenadeBehavior_C:ReceiveTick' ref from Metadata '/Game/ExplosivePB/GrenadeBehavior.PackageMetaData'
[2019.11.08-03.58.47:757][221]LogMetaData: Removing '/Game/ExplosivePB/Experimental/FuzeBehavior.SKEL_FuzeBehavior_C' ref from Metadata '/Game/ExplosivePB/FuzeBehavior.PackageMetaData'
[2019.11.08-03.58.47:758][221]LogMetaData: Removing '/Game/ExplosivePB/Experimental/FuzeBehavior.FuzeBehavior_C' ref from Metadata '/Game/ExplosivePB/FuzeBehavior.PackageMetaData'
[2019.11.08-03.58.47:758][221]LogMetaData: Removing '/Game/ExplosivePB/Experimental/FuzeBehavior.SKEL_FuzeBehavior_C:ReceiveBeginPlay' ref from Metadata '/Game/ExplosivePB/FuzeBehavior.PackageMetaData'
[2019.11.08-03.58.47:759][221]LogMetaData: Removing '/Game/ExplosivePB/Experimental/FuzeBehavior.SKEL_FuzeBehavior_C:ReceiveTick' ref from Metadata '/Game/ExplosivePB/FuzeBehavior.PackageMetaData'
[2019.11.08-03.58.47:759][221]LogMetaData: Removing '/Game/ExplosivePB/Experimental/FuzeBehavior.SKEL_FuzeBehavior_C:FuzeTimeCount' ref from Metadata '/Game/ExplosivePB/FuzeBehavior.PackageMetaData'
[2019.11.08-03.58.47:760][221]LogMetaData: Removing '/Game/ExplosivePB/Experimental/FuzeBehavior.SKEL_FuzeBehavior_C:FuzeTime' ref from Metadata '/Game/ExplosivePB/FuzeBehavior.PackageMetaData'
[2019.11.08-03.58.47:760][221]LogMetaData: Removing '/Game/ExplosivePB/Experimental/FuzeBehavior.SKEL_FuzeBehavior_C:UserConstructionScript' ref from Metadata '/Game/ExplosivePB/FuzeBehavior.PackageMetaData'
[2019.11.08-03.58.47:761][221]LogMetaData: Removing '/Game/ExplosivePB/Experimental/FuzeBehavior.FuzeBehavior_C:FuzeTimeCount' ref from Metadata '/Game/ExplosivePB/FuzeBehavior.PackageMetaData'
[2019.11.08-03.58.47:761][221]LogMetaData: Removing '/Game/ExplosivePB/Experimental/FuzeBehavior.FuzeBehavior_C:FuzeTime' ref from Metadata '/Game/ExplosivePB/FuzeBehavior.PackageMetaData'
[2019.11.08-03.58.47:762][221]LogMetaData: Removing '/Game/ExplosivePB/Experimental/FuzeBehavior.FuzeBehavior_C:ReceiveTick' ref from Metadata '/Game/ExplosivePB/FuzeBehavior.PackageMetaData'
[2019.11.08-03.58.47:762][221]LogMetaData: Removing '/Game/ExplosivePB/Experimental/FuzeBehavior.FuzeBehavior_C:ReceiveBeginPlay' ref from Metadata '/Game/ExplosivePB/FuzeBehavior.PackageMetaData'
[2019.11.08-03.58.47:763][221]LogMetaData: Removing '/Game/ExplosivePB/Experimental/FuzeBehavior.FuzeBehavior_C:UserConstructionScript' ref from Metadata '/Game/ExplosivePB/FuzeBehavior.PackageMetaData'
[2019.11.08-03.58.47:853][221]Cmd: OBJ SAVEPACKAGE PACKAGE="/Game/ExplosivePB/Experimental/Behavior" FILE="C:/Users/danny/Desktop/Systems_Sandbox/Mechanics_Sandbox/Content/ExplosivePB/Experimental/Behavior.uasset" SILENT=true
[2019.11.08-03.58.47:900][221]LogSavePackage: Moving 'C:/Users/danny/Desktop/Systems_Sandbox/Mechanics_Sandbox/Saved/BehaviorEF501C984620FC0152B16AACC0BFBFEE.tmp' to 'C:/Users/danny/Desktop/Systems_Sandbox/Mechanics_Sandbox/Content/ExplosivePB/Experimental/Behavior.uasset'
[2019.11.08-03.58.48:104][221]LogSavePackage: Moving 'C:/Users/danny/Desktop/Systems_Sandbox/Mechanics_Sandbox/Saved/GrenadeSystem328BA297489487A3CE810AB62377A60D.tmp' to 'C:/Users/danny/Desktop/Systems_Sandbox/Mechanics_Sandbox/Content/ExplosivePB/Experimental/GrenadeSystem.uasset'
[2019.11.08-03.58.48:314][221]LogSavePackage: Moving 'C:/Users/danny/Desktop/Systems_Sandbox/Mechanics_Sandbox/Saved/GrenadeBehaviorFEFC5269442022E261F4CD9B698A4D66.tmp' to 'C:/Users/danny/Desktop/Systems_Sandbox/Mechanics_Sandbox/Content/ExplosivePB/Experimental/GrenadeBehavior.uasset'
[2019.11.08-03.58.48:374][221]Cmd: OBJ SAVEPACKAGE PACKAGE="/Game/ExplosivePB/Experimental/FuzeBehavior" FILE="C:/Users/danny/Desktop/Systems_Sandbox/Mechanics_Sandbox/Content/ExplosivePB/Experimental/FuzeBehavior.uasset" SILENT=true
[2019.11.08-03.58.48:515][221]LogSavePackage: Moving 'C:/Users/danny/Desktop/Systems_Sandbox/Mechanics_Sandbox/Saved/FuzeBehaviorB0B87F3648D0F1995FF7C69FC401BCD9.tmp' to 'C:/Users/danny/Desktop/Systems_Sandbox/Mechanics_Sandbox/Content/ExplosivePB/Experimental/FuzeBehavior.uasset'
[2019.11.08-03.58.49:872][221]LogUObjectHash: Compacting FUObjectHashTables data took   4.87ms
[2019.11.08-03.58.49:970][221]LogUObjectHash: Compacting FUObjectHashTables data took   1.41ms
[2019.11.08-03.58.50:084][221]LogUObjectHash: Compacting FUObjectHashTables data took   1.91ms
[2019.11.08-03.58.50:186][221]LogUObjectHash: Compacting FUObjectHashTables data took   1.61ms
[2019.11.08-03.58.50:337][221]LogUObjectHash: Compacting FUObjectHashTables data took   7.54ms
[2019.11.08-03.58.50:464][221]LogUObjectHash: Compacting FUObjectHashTables data took   1.74ms
[2019.11.08-03.58.53:272][272]LogUObjectHash: Compacting FUObjectHashTables data took   6.85ms
[2019.11.08-03.58.54:829][272]LogSlate: Window 'Delete Assets' being destroyed
[2019.11.08-03.58.55:180][272]LogUObjectHash: Compacting FUObjectHashTables data took   4.94ms
[2019.11.08-03.58.55:308][272]LogUObjectHash: Compacting FUObjectHashTables data took   5.68ms
[2019.11.08-03.58.55:429][272]LogUObjectHash: Compacting FUObjectHashTables data took   1.49ms
[2019.11.08-03.58.58:517][349]LogUObjectHash: Compacting FUObjectHashTables data took   1.94ms
[2019.11.08-03.58.59:622][349]LogSavePackage: Moving 'C:/Users/danny/Desktop/Systems_Sandbox/Mechanics_Sandbox/Saved/FirstPersonExampleMapF7608B124F3A6745A16464B2A5692C1F.tmp' to 'C:/Users/danny/Desktop/Systems_Sandbox/Mechanics_Sandbox/Content/FirstPersonBP/Maps/FirstPersonExampleMap.umap'
[2019.11.08-03.59.03:644][349]LogSavePackage: Moving 'C:/Users/danny/Desktop/Systems_Sandbox/Mechanics_Sandbox/Saved/FirstPersonExampleMap_BuiltData8AC35AD04C8EDF9E810FB786A3972B26.tmp' to 'C:/Users/danny/Desktop/Systems_Sandbox/Mechanics_Sandbox/Content/FirstPersonBP/Maps/FirstPersonExampleMap_BuiltData.uasset'
[2019.11.08-03.59.48:578][736]LogSlate: Took 0.021804 seconds to synchronously load lazily loaded font '../../../Engine/Content/Slate/Fonts/Roboto-BoldCondensedItalic.ttf' (160K)
[2019.11.08-03.59.51:070][816]BlueprintLog: New page: Compile FuzeGrenade
[2019.11.08-03.59.51:645][816]LogUObjectHash: Compacting FUObjectHashTables data took   9.25ms
[2019.11.08-03.59.52:681][838]Cmd: OBJ SAVEPACKAGE PACKAGE="/Game/ExplosivePB/FuzeGrenade" FILE="C:/Users/danny/Desktop/Systems_Sandbox/Mechanics_Sandbox/Content/ExplosivePB/FuzeGrenade.uasset" SILENT=true
[2019.11.08-03.59.52:821][838]LogSavePackage: Moving 'C:/Users/danny/Desktop/Systems_Sandbox/Mechanics_Sandbox/Saved/FuzeGrenadeCDA5026549242F9F7AE30D9B9D5B06BD.tmp' to 'C:/Users/danny/Desktop/Systems_Sandbox/Mechanics_Sandbox/Content/ExplosivePB/FuzeGrenade.uasset'
[2019.11.08-04.00.27:651][ 41]BlueprintLog: New page: Compile FuzeGrenade
[2019.11.08-04.00.28:207][ 41]LogUObjectHash: Compacting FUObjectHashTables data took   8.16ms
[2019.11.08-04.01.03:741][271]BlueprintLog: New page: Compile Grenade
[2019.11.08-04.01.04:691][271]LogUObjectHash: Compacting FUObjectHashTables data took   9.83ms
[2019.11.08-04.01.30:922][136]BlueprintLog: New page: Compile Grenade
[2019.11.08-04.01.31:614][136]LogUObjectHash: Compacting FUObjectHashTables data took   8.84ms
[2019.11.08-04.02.16:553][679]BlueprintLog: New page: Compile Grenade
[2019.11.08-04.02.17:262][679]LogUObjectHash: Compacting FUObjectHashTables data took   8.19ms
[2019.11.08-04.02.19:705][732]LogRenderer: Reallocating scene render targets to support 956x888 Format 10 NumSamples 1 (Frame:1).
[2019.11.08-04.02.56:342][868]LogSlate: FSceneViewport::OnFocusLost() reason 0
[2019.11.08-04.03.06:918][189]LogSlate: FSceneViewport::OnFocusLost() reason 0
[2019.11.08-04.03.14:654][424]LogSlate: FSceneViewport::OnFocusLost() reason 0
[2019.11.08-04.03.18:017][532]BlueprintLog: New page: Compile Grenade
[2019.11.08-04.03.18:739][532]LogUObjectHash: Compacting FUObjectHashTables data took   8.64ms
[2019.11.08-04.03.18:922][532]BlueprintLog: New page: Compile Grenade
[2019.11.08-04.03.19:571][532]LogUObjectHash: Compacting FUObjectHashTables data took   8.31ms
[2019.11.08-04.06.21:583][461]LogSlate: Window 'Color Picker' being destroyed
[2019.11.08-04.06.38:896][924]LogSlate: FSceneViewport::OnFocusLost() reason 0
[2019.11.08-04.06.42:138][ 19]BlueprintLog: New page: Compile Grenade
[2019.11.08-04.06.42:924][ 19]LogUObjectHash: Compacting FUObjectHashTables data took   9.99ms
[2019.11.08-04.07.51:907][126]BlueprintLog: New page: Compile Grenade
[2019.11.08-04.07.52:627][126]LogUObjectHash: Compacting FUObjectHashTables data took   8.59ms
[2019.11.08-04.08.29:865][345]BlueprintLog: New page: Compile Grenade
[2019.11.08-04.08.30:854][345]LogUObjectHash: Compacting FUObjectHashTables data took  10.09ms
[2019.11.08-04.10.23:404][884]LogUObjectHash: Compacting FUObjectHashTables data took  17.62ms
[2019.11.08-04.10.24:395][884]LogSavePackage: Moving 'C:/Users/danny/Desktop/Systems_Sandbox/Mechanics_Sandbox/Saved/FirstPersonExampleMap_Auto2D24FFD004BCE8C402BC8D690E023A658.tmp' to 'C:/Users/danny/Desktop/Systems_Sandbox/Mechanics_Sandbox/Saved/Autosaves/Game/FirstPersonBP/Maps/FirstPersonExampleMap_Auto2.umap'
[2019.11.08-04.10.24:406][884]LogFileHelpers: Editor autosave (incl. sublevels) for '/Game/FirstPersonBP/Maps/FirstPersonExampleMap' took 2.199
[2019.11.08-04.10.24:406][884]LogFileHelpers: Editor autosave (incl. sublevels) for all levels took 2.199
[2019.11.08-04.10.24:413][884]OBJ SavePackage: Generating thumbnails for [1] asset(s) in package [/Game/ExplosivePB/FuzeGrenadeProjectile] ([1] browsable assets)...
[2019.11.08-04.10.24:446][884]OBJ SavePackage:     Rendered thumbnail for [Blueprint /Game/ExplosivePB/FuzeGrenadeProjectile.FuzeGrenadeProjectile]
[2019.11.08-04.10.24:446][884]OBJ SavePackage: Finished generating thumbnails for package [/Game/ExplosivePB/FuzeGrenadeProjectile]
[2019.11.08-04.10.24:577][884]LogSavePackage: Moving 'C:/Users/danny/Desktop/Systems_Sandbox/Mechanics_Sandbox/Saved/FuzeGrenadeProjectile_Auto26D1C8F3941CFDA7D6EC75B851F86D48F.tmp' to 'C:/Users/danny/Desktop/Systems_Sandbox/Mechanics_Sandbox/Saved/Autosaves/Game/ExplosivePB/FuzeGrenadeProjectile_Auto2.uasset'
[2019.11.08-04.10.24:581][884]OBJ SavePackage: Generating thumbnails for [1] asset(s) in package [/Game/ExplosivePB/FuzeGrenade] ([1] browsable assets)...
[2019.11.08-04.10.24:613][884]OBJ SavePackage:     Rendered thumbnail for [Blueprint /Game/ExplosivePB/FuzeGrenade.FuzeGrenade]
[2019.11.08-04.10.24:613][884]OBJ SavePackage: Finished generating thumbnails for package [/Game/ExplosivePB/FuzeGrenade]
[2019.11.08-04.10.24:777][884]LogSavePackage: Moving 'C:/Users/danny/Desktop/Systems_Sandbox/Mechanics_Sandbox/Saved/FuzeGrenade_Auto24579AD1D4E5E24CD662B2F87F0638BF7.tmp' to 'C:/Users/danny/Desktop/Systems_Sandbox/Mechanics_Sandbox/Saved/Autosaves/Game/ExplosivePB/FuzeGrenade_Auto2.uasset'
[2019.11.08-04.10.24:782][884]OBJ SavePackage: Generating thumbnails for [1] asset(s) in package [/Game/ExplosivePB/Grenade] ([1] browsable assets)...
[2019.11.08-04.10.24:814][884]OBJ SavePackage:     Rendered thumbnail for [Blueprint /Game/ExplosivePB/Grenade.Grenade]
[2019.11.08-04.10.24:814][884]OBJ SavePackage: Finished generating thumbnails for package [/Game/ExplosivePB/Grenade]
[2019.11.08-04.10.24:817][884]Cmd: OBJ SAVEPACKAGE PACKAGE="/Game/ExplosivePB/Grenade" FILE="C:/Users/danny/Desktop/Systems_Sandbox/Mechanics_Sandbox/Saved/Autosaves/Game/ExplosivePB/Grenade_Auto2.uasset" SILENT=false AUTOSAVING=true
[2019.11.08-04.10.24:973][884]LogSavePackage: Moving 'C:/Users/danny/Desktop/Systems_Sandbox/Mechanics_Sandbox/Saved/Grenade_Auto24AEF39AF45380E8541AB509E808E500C.tmp' to 'C:/Users/danny/Desktop/Systems_Sandbox/Mechanics_Sandbox/Saved/Autosaves/Game/ExplosivePB/Grenade_Auto2.uasset'
[2019.11.08-04.10.24:978][884]OBJ SavePackage: Generating thumbnails for [1] asset(s) in package [/Game/ExplosivePB/ImpactGrenade] ([1] browsable assets)...
[2019.11.08-04.10.25:007][884]OBJ SavePackage:     Rendered thumbnail for [Blueprint /Game/ExplosivePB/ImpactGrenade.ImpactGrenade]
[2019.11.08-04.10.25:008][884]OBJ SavePackage: Finished generating thumbnails for package [/Game/ExplosivePB/ImpactGrenade]
[2019.11.08-04.10.25:132][884]LogSavePackage: Moving 'C:/Users/danny/Desktop/Systems_Sandbox/Mechanics_Sandbox/Saved/ImpactGrenade_Auto2898B837F408C570038993F8C8BA5B46F.tmp' to 'C:/Users/danny/Desktop/Systems_Sandbox/Mechanics_Sandbox/Saved/Autosaves/Game/ExplosivePB/ImpactGrenade_Auto2.uasset'
[2019.11.08-04.10.25:137][884]OBJ SavePackage: Generating thumbnails for [1] asset(s) in package [/Game/ExplosivePB/ImpactGrenadeProjectile] ([1] browsable assets)...
[2019.11.08-04.10.25:167][884]OBJ SavePackage:     Rendered thumbnail for [Blueprint /Game/ExplosivePB/ImpactGrenadeProjectile.ImpactGrenadeProjectile]
[2019.11.08-04.10.25:167][884]OBJ SavePackage: Finished generating thumbnails for package [/Game/ExplosivePB/ImpactGrenadeProjectile]
[2019.11.08-04.10.25:302][884]LogSavePackage: Moving 'C:/Users/danny/Desktop/Systems_Sandbox/Mechanics_Sandbox/Saved/ImpactGrenadeProjectile_Auto201F67FE5482EEB10710E999B11419B16.tmp' to 'C:/Users/danny/Desktop/Systems_Sandbox/Mechanics_Sandbox/Saved/Autosaves/Game/ExplosivePB/ImpactGrenadeProjectile_Auto2.uasset'
[2019.11.08-04.10.25:307][884]OBJ SavePackage: Generating thumbnails for [1] asset(s) in package [/Game/ExplosivePB/StickyGrenade] ([1] browsable assets)...
[2019.11.08-04.10.25:335][884]OBJ SavePackage:     Rendered thumbnail for [Blueprint /Game/ExplosivePB/StickyGrenade.StickyGrenade]
[2019.11.08-04.10.25:336][884]OBJ SavePackage: Finished generating thumbnails for package [/Game/ExplosivePB/StickyGrenade]
[2019.11.08-04.10.25:560][884]LogSavePackage: Moving 'C:/Users/danny/Desktop/Systems_Sandbox/Mechanics_Sandbox/Saved/StickyGrenade_Auto2B309EC424D0D0C587634D29BE5527A3B.tmp' to 'C:/Users/danny/Desktop/Systems_Sandbox/Mechanics_Sandbox/Saved/Autosaves/Game/ExplosivePB/StickyGrenade_Auto2.uasset'
[2019.11.08-04.10.25:565][884]OBJ SavePackage: Generating thumbnails for [1] asset(s) in package [/Game/ExplosivePB/StickyGrenadeProjectile] ([1] browsable assets)...
[2019.11.08-04.10.25:593][884]OBJ SavePackage:     Rendered thumbnail for [Blueprint /Game/ExplosivePB/StickyGrenadeProjectile.StickyGrenadeProjectile]
[2019.11.08-04.10.25:594][884]OBJ SavePackage: Finished generating thumbnails for package [/Game/ExplosivePB/StickyGrenadeProjectile]
[2019.11.08-04.10.25:719][884]LogSavePackage: Moving 'C:/Users/danny/Desktop/Systems_Sandbox/Mechanics_Sandbox/Saved/StickyGrenadeProjectile_Auto27C4F224347223D1C72B790B587749FF6.tmp' to 'C:/Users/danny/Desktop/Systems_Sandbox/Mechanics_Sandbox/Saved/Autosaves/Game/ExplosivePB/StickyGrenadeProjectile_Auto2.uasset'
[2019.11.08-04.10.25:724][884]OBJ SavePackage: Generating thumbnails for [1] asset(s) in package [/Game/ExplosivePB/Experimental/FuzeBehavior] ([1] browsable assets)...
[2019.11.08-04.10.25:755][884]OBJ SavePackage:     Rendered thumbnail for [Blueprint /Game/ExplosivePB/Experimental/FuzeBehavior.FuzeBehavior]
[2019.11.08-04.10.25:756][884]OBJ SavePackage: Finished generating thumbnails for package [/Game/ExplosivePB/Experimental/FuzeBehavior]
[2019.11.08-04.10.25:983][884]LogSavePackage: Moving 'C:/Users/danny/Desktop/Systems_Sandbox/Mechanics_Sandbox/Saved/FuzeBehavior_Auto2A99277294AE21B9BBFA897BEB92A75EF.tmp' to 'C:/Users/danny/Desktop/Systems_Sandbox/Mechanics_Sandbox/Saved/Autosaves/Game/ExplosivePB/Experimental/FuzeBehavior_Auto2.uasset'
[2019.11.08-04.10.25:987][884]LogFileHelpers: Auto-saving content packages took 1.575
[2019.11.08-04.10.30:399][898]Cmd: OBJ SAVEPACKAGE PACKAGE="/Game/ExplosivePB/Grenade" FILE="C:/Users/danny/Desktop/Systems_Sandbox/Mechanics_Sandbox/Content/ExplosivePB/Grenade.uasset" SILENT=true
[2019.11.08-04.10.30:503][898]LogSavePackage: Moving 'C:/Users/danny/Desktop/Systems_Sandbox/Mechanics_Sandbox/Saved/Grenade56E28C6A46A6A5BF7BEDBF9FE94965EF.tmp' to 'C:/Users/danny/Desktop/Systems_Sandbox/Mechanics_Sandbox/Content/ExplosivePB/Grenade.uasset'
[2019.11.08-04.10.30:533][898]Cmd: OBJ SAVEPACKAGE PACKAGE="/Game/ExplosivePB/FuzeGrenade" FILE="C:/Users/danny/Desktop/Systems_Sandbox/Mechanics_Sandbox/Content/ExplosivePB/FuzeGrenade.uasset" SILENT=true
[2019.11.08-04.10.30:663][898]LogSavePackage: Moving 'C:/Users/danny/Desktop/Systems_Sandbox/Mechanics_Sandbox/Saved/FuzeGrenadeEF5E6EE14C9C63205E7B31BC20DC6D9A.tmp' to 'C:/Users/danny/Desktop/Systems_Sandbox/Mechanics_Sandbox/Content/ExplosivePB/FuzeGrenade.uasset'
[2019.11.08-04.10.30:702][898]Cmd: OBJ SAVEPACKAGE PACKAGE="/Game/ExplosivePB/FuzeGrenadeProjectile" FILE="C:/Users/danny/Desktop/Systems_Sandbox/Mechanics_Sandbox/Content/ExplosivePB/FuzeGrenadeProjectile.uasset" SILENT=true
[2019.11.08-04.10.30:799][898]LogSavePackage: Moving 'C:/Users/danny/Desktop/Systems_Sandbox/Mechanics_Sandbox/Saved/FuzeGrenadeProjectile0CBF06084DCCD43F87478D9C9FA1FBD1.tmp' to 'C:/Users/danny/Desktop/Systems_Sandbox/Mechanics_Sandbox/Content/ExplosivePB/FuzeGrenadeProjectile.uasset'
[2019.11.08-04.10.30:835][898]Cmd: OBJ SAVEPACKAGE PACKAGE="/Game/ExplosivePB/ImpactGrenade" FILE="C:/Users/danny/Desktop/Systems_Sandbox/Mechanics_Sandbox/Content/ExplosivePB/ImpactGrenade.uasset" SILENT=true
[2019.11.08-04.10.30:952][898]LogSavePackage: Moving 'C:/Users/danny/Desktop/Systems_Sandbox/Mechanics_Sandbox/Saved/ImpactGrenade837E38C8402101EB3A2955B288386454.tmp' to 'C:/Users/danny/Desktop/Systems_Sandbox/Mechanics_Sandbox/Content/ExplosivePB/ImpactGrenade.uasset'
[2019.11.08-04.10.30:995][898]Cmd: OBJ SAVEPACKAGE PACKAGE="/Game/ExplosivePB/ImpactGrenadeProjectile" FILE="C:/Users/danny/Desktop/Systems_Sandbox/Mechanics_Sandbox/Content/ExplosivePB/ImpactGrenadeProjectile.uasset" SILENT=true
[2019.11.08-04.10.31:125][898]LogSavePackage: Moving 'C:/Users/danny/Desktop/Systems_Sandbox/Mechanics_Sandbox/Saved/ImpactGrenadeProjectileA0FB0A3848FA91CC8AD54A92BCCD6284.tmp' to 'C:/Users/danny/Desktop/Systems_Sandbox/Mechanics_Sandbox/Content/ExplosivePB/ImpactGrenadeProjectile.uasset'
[2019.11.08-04.10.31:164][898]Cmd: OBJ SAVEPACKAGE PACKAGE="/Game/ExplosivePB/StickyGrenade" FILE="C:/Users/danny/Desktop/Systems_Sandbox/Mechanics_Sandbox/Content/ExplosivePB/StickyGrenade.uasset" SILENT=true
[2019.11.08-04.10.31:330][898]LogSavePackage: Moving 'C:/Users/danny/Desktop/Systems_Sandbox/Mechanics_Sandbox/Saved/StickyGrenadeD4DE08A64EB307C871A46794C34582D7.tmp' to 'C:/Users/danny/Desktop/Systems_Sandbox/Mechanics_Sandbox/Content/ExplosivePB/StickyGrenade.uasset'
[2019.11.08-04.10.31:361][898]Cmd: OBJ SAVEPACKAGE PACKAGE="/Game/ExplosivePB/StickyGrenadeProjectile" FILE="C:/Users/danny/Desktop/Systems_Sandbox/Mechanics_Sandbox/Content/ExplosivePB/StickyGrenadeProjectile.uasset" SILENT=true
[2019.11.08-04.10.31:452][898]LogSavePackage: Moving 'C:/Users/danny/Desktop/Systems_Sandbox/Mechanics_Sandbox/Saved/StickyGrenadeProjectile59093CA14C1A0C737646F29183148AF9.tmp' to 'C:/Users/danny/Desktop/Systems_Sandbox/Mechanics_Sandbox/Content/ExplosivePB/StickyGrenadeProjectile.uasset'
[2019.11.08-04.10.31:483][898]Cmd: OBJ SAVEPACKAGE PACKAGE="/Game/ExplosivePB/Experimental/FuzeBehavior" FILE="C:/Users/danny/Desktop/Systems_Sandbox/Mechanics_Sandbox/Content/ExplosivePB/Experimental/FuzeBehavior.uasset" SILENT=true
[2019.11.08-04.10.31:623][898]LogSavePackage: Moving 'C:/Users/danny/Desktop/Systems_Sandbox/Mechanics_Sandbox/Saved/FuzeBehaviorD2667ABF4F52E627F79F7EBE2F47704A.tmp' to 'C:/Users/danny/Desktop/Systems_Sandbox/Mechanics_Sandbox/Content/ExplosivePB/Experimental/FuzeBehavior.uasset'
[2019.11.08-04.10.33:680][906]BlueprintLog: New page: Compile Grenade
[2019.11.08-04.10.34:520][906]LogUObjectHash: Compacting FUObjectHashTables data took   8.23ms
[2019.11.08-04.11.06:468][ 78]LogUnrealEdMisc: Warning: Heartbeat event firing too frequently (44.807 sec). This should never happen. Something is wrong with the timer delegate!
[2019.11.08-04.11.15:923][342]LogSlate: FSceneViewport::OnFocusLost() reason 0
[2019.11.08-04.12.02:115][582]LogSlate: FSceneViewport::OnFocusLost() reason 0
[2019.11.08-04.15.38:725][837]LogSlate: Window 'Viewport 1' being destroyed
